Archive member included to satisfy reference by file (symbol)

c:/st/stm32cubeide_1.4.0/stm32cubeide/plugins/com.st.stm32cube.ide.mcu.externaltools.gnu-tools-for-stm32.9-2020-q2-update.win32_1.5.0.202011040924/tools/bin/../lib/gcc/arm-none-eabi/9.3.1/../../../../arm-none-eabi/lib/thumb/v7e-m+fp/hard\libc_nano.a(lib_a-errno.o)
                              Core/Src/syscalls.o (__errno)
c:/st/stm32cubeide_1.4.0/stm32cubeide/plugins/com.st.stm32cube.ide.mcu.externaltools.gnu-tools-for-stm32.9-2020-q2-update.win32_1.5.0.202011040924/tools/bin/../lib/gcc/arm-none-eabi/9.3.1/../../../../arm-none-eabi/lib/thumb/v7e-m+fp/hard\libc_nano.a(lib_a-exit.o)
                              c:/st/stm32cubeide_1.4.0/stm32cubeide/plugins/com.st.stm32cube.ide.mcu.externaltools.gnu-tools-for-stm32.9-2020-q2-update.win32_1.5.0.202011040924/tools/bin/../lib/gcc/arm-none-eabi/9.3.1/../../../../arm-none-eabi/lib/thumb/v7e-m+fp/hard/crt0.o (exit)
c:/st/stm32cubeide_1.4.0/stm32cubeide/plugins/com.st.stm32cube.ide.mcu.externaltools.gnu-tools-for-stm32.9-2020-q2-update.win32_1.5.0.202011040924/tools/bin/../lib/gcc/arm-none-eabi/9.3.1/../../../../arm-none-eabi/lib/thumb/v7e-m+fp/hard\libc_nano.a(lib_a-impure.o)
                              c:/st/stm32cubeide_1.4.0/stm32cubeide/plugins/com.st.stm32cube.ide.mcu.externaltools.gnu-tools-for-stm32.9-2020-q2-update.win32_1.5.0.202011040924/tools/bin/../lib/gcc/arm-none-eabi/9.3.1/../../../../arm-none-eabi/lib/thumb/v7e-m+fp/hard\libc_nano.a(lib_a-exit.o) (_global_impure_ptr)
c:/st/stm32cubeide_1.4.0/stm32cubeide/plugins/com.st.stm32cube.ide.mcu.externaltools.gnu-tools-for-stm32.9-2020-q2-update.win32_1.5.0.202011040924/tools/bin/../lib/gcc/arm-none-eabi/9.3.1/../../../../arm-none-eabi/lib/thumb/v7e-m+fp/hard\libc_nano.a(lib_a-init.o)
                              c:/st/stm32cubeide_1.4.0/stm32cubeide/plugins/com.st.stm32cube.ide.mcu.externaltools.gnu-tools-for-stm32.9-2020-q2-update.win32_1.5.0.202011040924/tools/bin/../lib/gcc/arm-none-eabi/9.3.1/../../../../arm-none-eabi/lib/thumb/v7e-m+fp/hard/crt0.o (__libc_init_array)
c:/st/stm32cubeide_1.4.0/stm32cubeide/plugins/com.st.stm32cube.ide.mcu.externaltools.gnu-tools-for-stm32.9-2020-q2-update.win32_1.5.0.202011040924/tools/bin/../lib/gcc/arm-none-eabi/9.3.1/../../../../arm-none-eabi/lib/thumb/v7e-m+fp/hard\libc_nano.a(lib_a-malloc.o)
                              Core/Src/SSD1306.o (malloc)
c:/st/stm32cubeide_1.4.0/stm32cubeide/plugins/com.st.stm32cube.ide.mcu.externaltools.gnu-tools-for-stm32.9-2020-q2-update.win32_1.5.0.202011040924/tools/bin/../lib/gcc/arm-none-eabi/9.3.1/../../../../arm-none-eabi/lib/thumb/v7e-m+fp/hard\libc_nano.a(lib_a-memset.o)
                              c:/st/stm32cubeide_1.4.0/stm32cubeide/plugins/com.st.stm32cube.ide.mcu.externaltools.gnu-tools-for-stm32.9-2020-q2-update.win32_1.5.0.202011040924/tools/bin/../lib/gcc/arm-none-eabi/9.3.1/../../../../arm-none-eabi/lib/thumb/v7e-m+fp/hard/crt0.o (memset)
c:/st/stm32cubeide_1.4.0/stm32cubeide/plugins/com.st.stm32cube.ide.mcu.externaltools.gnu-tools-for-stm32.9-2020-q2-update.win32_1.5.0.202011040924/tools/bin/../lib/gcc/arm-none-eabi/9.3.1/../../../../arm-none-eabi/lib/thumb/v7e-m+fp/hard\libc_nano.a(lib_a-nano-freer.o)
                              c:/st/stm32cubeide_1.4.0/stm32cubeide/plugins/com.st.stm32cube.ide.mcu.externaltools.gnu-tools-for-stm32.9-2020-q2-update.win32_1.5.0.202011040924/tools/bin/../lib/gcc/arm-none-eabi/9.3.1/../../../../arm-none-eabi/lib/thumb/v7e-m+fp/hard\libc_nano.a(lib_a-malloc.o) (_free_r)
c:/st/stm32cubeide_1.4.0/stm32cubeide/plugins/com.st.stm32cube.ide.mcu.externaltools.gnu-tools-for-stm32.9-2020-q2-update.win32_1.5.0.202011040924/tools/bin/../lib/gcc/arm-none-eabi/9.3.1/../../../../arm-none-eabi/lib/thumb/v7e-m+fp/hard\libc_nano.a(lib_a-nano-mallocr.o)
                              c:/st/stm32cubeide_1.4.0/stm32cubeide/plugins/com.st.stm32cube.ide.mcu.externaltools.gnu-tools-for-stm32.9-2020-q2-update.win32_1.5.0.202011040924/tools/bin/../lib/gcc/arm-none-eabi/9.3.1/../../../../arm-none-eabi/lib/thumb/v7e-m+fp/hard\libc_nano.a(lib_a-malloc.o) (_malloc_r)
c:/st/stm32cubeide_1.4.0/stm32cubeide/plugins/com.st.stm32cube.ide.mcu.externaltools.gnu-tools-for-stm32.9-2020-q2-update.win32_1.5.0.202011040924/tools/bin/../lib/gcc/arm-none-eabi/9.3.1/../../../../arm-none-eabi/lib/thumb/v7e-m+fp/hard\libc_nano.a(lib_a-sbrkr.o)
                              c:/st/stm32cubeide_1.4.0/stm32cubeide/plugins/com.st.stm32cube.ide.mcu.externaltools.gnu-tools-for-stm32.9-2020-q2-update.win32_1.5.0.202011040924/tools/bin/../lib/gcc/arm-none-eabi/9.3.1/../../../../arm-none-eabi/lib/thumb/v7e-m+fp/hard\libc_nano.a(lib_a-nano-mallocr.o) (_sbrk_r)
c:/st/stm32cubeide_1.4.0/stm32cubeide/plugins/com.st.stm32cube.ide.mcu.externaltools.gnu-tools-for-stm32.9-2020-q2-update.win32_1.5.0.202011040924/tools/bin/../lib/gcc/arm-none-eabi/9.3.1/../../../../arm-none-eabi/lib/thumb/v7e-m+fp/hard\libc_nano.a(lib_a-mlock.o)
[...]
Memory Configuration

Name             Origin             Length             Attributes
RAM              0x0000000020000000 0x0000000000050000 xrw
FLASH            0x0000000008000000 0x0000000000100000 xr
*default*        0x0000000000000000 0xffffffffffffffff

Linker script and memory map

LOAD c:/st/stm32cubeide_1.4.0/stm32cubeide/plugins/com.st.stm32cube.ide.mcu.externaltools.gnu-tools-for-stm32.9-2020-q2-update.win32_1.5.0.202011040924/tools/bin/../lib/gcc/arm-none-eabi/9.3.1/thumb/v7e-m+fp/hard/crti.o
LOAD c:/st/stm32cubeide_1.4.0/stm32cubeide/plugins/com.st.stm32cube.ide.mcu.externaltools.gnu-tools-for-stm32.9-2020-q2-update.win32_1.5.0.202011040924/tools/bin/../lib/gcc/arm-none-eabi/9.3.1/thumb/v7e-m+fp/hard/crtbegin.o
LOAD c:/st/stm32cubeide_1.4.0/stm32cubeide/plugins/com.st.stm32cube.ide.mcu.externaltools.gnu-tools-for-stm32.9-2020-q2-update.win32_1.5.0.202011040924/tools/bin/../lib/gcc/arm-none-eabi/9.3.1/../../../../arm-none-eabi/lib/thumb/v7e-m+fp/hard/crt0.o
LOAD Core/Src/GFX.o
LOAD Core/Src/SSD1306.o
LOAD Core/Src/adc.o
LOAD Core/Src/dma.o
LOAD Core/Src/gpio.o
LOAD Core/Src/i2c.o
LOAD Core/Src/main.o
LOAD Core/Src/stm32l4xx_hal_msp.o
LOAD Core/Src/stm32l4xx_it.o
LOAD Core/Src/syscalls.o
LOAD Core/Src/sysmem.o
LOAD Core/Src/system_stm32l4xx.o
LOAD Core/Startup/startup_stm32l4a6zgtx.o
LOAD Drivers/STM32L4xx_HAL_Driver/stm32l4xx_hal.o
LOAD Drivers/STM32L4xx_HAL_Driver/stm32l4xx_hal_adc.o
LOAD Drivers/STM32L4xx_HAL_Driver/stm32l4xx_hal_adc_ex.o
LOAD Drivers/STM32L4xx_HAL_Driver/stm32l4xx_hal_cortex.o
LOAD Drivers/STM32L4xx_HAL_Driver/stm32l4xx_hal_dma.o
LOAD Drivers/STM32L4xx_HAL_Driver/stm32l4xx_hal_dma_ex.o
LOAD Drivers/STM32L4xx_HAL_Driver/stm32l4xx_hal_exti.o
LOAD Drivers/STM32L4xx_HAL_Driver/stm32l4xx_hal_flash.o
LOAD Drivers/STM32L4xx_HAL_Driver/stm32l4xx_hal_flash_ex.o
LOAD Drivers/STM32L4xx_HAL_Driver/stm32l4xx_hal_flash_ramfunc.o
LOAD Drivers/STM32L4xx_HAL_Driver/stm32l4xx_hal_gpio.o
LOAD Drivers/STM32L4xx_HAL_Driver/stm32l4xx_hal_i2c.o
LOAD Drivers/STM32L4xx_HAL_Driver/stm32l4xx_hal_i2c_ex.o
LOAD Drivers/STM32L4xx_HAL_Driver/stm32l4xx_hal_pwr.o
LOAD Drivers/STM32L4xx_HAL_Driver/stm32l4xx_hal_pwr_ex.o
LOAD Drivers/STM32L4xx_HAL_Driver/stm32l4xx_hal_rcc.o
LOAD Drivers/STM32L4xx_HAL_Driver/stm32l4xx_hal_rcc_ex.o
LOAD Drivers/STM32L4xx_HAL_Driver/stm32l4xx_hal_tim.o
LOAD Drivers/STM32L4xx_HAL_Driver/stm32l4xx_hal_tim_ex.o
START GROUP
LOAD c:/st/stm32cubeide_1.4.0/stm32cubeide/plugins/com.st.stm32cube.ide.mcu.externaltools.gnu-tools-for-stm32.9-2020-q2-update.win32_1.5.0.202011040924/tools/bin/../lib/gcc/arm-none-eabi/9.3.1/../../../../arm-none-eabi/lib/thumb/v7e-m+fp/hard\libc_nano.a
LOAD c:/st/stm32cubeide_1.4.0/stm32cubeide/plugins/com.st.stm32cube.ide.mcu.externaltools.gnu-tools-for-stm32.9-2020-q2-update.win32_1.5.0.202011040924/tools/bin/../lib/gcc/arm-none-eabi/9.3.1/../../../../arm-none-eabi/lib/thumb/v7e-m+fp/hard\libm.a
END GROUP
START GROUP
LOAD c:/st/stm32cubeide_1.4.0/stm32cubeide/plugins/com.st.stm32cube.ide.mcu.externaltools.gnu-tools-for-stm32.9-2020-q2-update.win32_1.5.0.202011040924/tools/bin/../lib/gcc/arm-none-eabi/9.3.1/thumb/v7e-m+fp/hard\libgcc.a
LOAD c:/st/stm32cubeide_1.4.0/stm32cubeide/plugins/com.st.stm32cube.ide.mcu.externaltools.gnu-tools-for-stm32.9-2020-q2-update.win32_1.5.0.202011040924/tools/bin/../lib/gcc/arm-none-eabi/9.3.1/../../../../arm-none-eabi/lib/thumb/v7e-m+fp/hard\libc_nano.a
END GROUP
START GROUP
LOAD c:/st/stm32cubeide_1.4.0/stm32cubeide/plugins/com.st.stm32cube.ide.mcu.externaltools.gnu-tools-for-stm32.9-2020-q2-update.win32_1.5.0.202011040924/tools/bin/../lib/gcc/arm-none-eabi/9.3.1/thumb/v7e-m+fp/hard\libgcc.a
LOAD c:/st/stm32cubeide_1.4.0/stm32cubeide/plugins/com.st.stm32cube.ide.mcu.externaltools.gnu-tools-for-stm32.9-2020-q2-update.win32_1.5.0.202011040924/tools/bin/../lib/gcc/arm-none-eabi/9.3.1/../../../../arm-none-eabi/lib/thumb/v7e-m+fp/hard\libc_nano.a
LOAD c:/st/stm32cubeide_1.4.0/stm32cubeide/plugins/com.st.stm32cube.ide.mcu.externaltools.gnu-tools-for-stm32.9-2020-q2-update.win32_1.5.0.202011040924/tools/bin/../lib/gcc/arm-none-eabi/9.3.1/../../../../arm-none-eabi/lib/thumb/v7e-m+fp/hard\libnosys.a
END GROUP
START GROUP
LOAD c:/st/stm32cubeide_1.4.0/stm32cubeide/plugins/com.st.stm32cube.ide.mcu.externaltools.gnu-tools-for-stm32.9-2020-q2-update.win32_1.5.0.202011040924/tools/bin/../lib/gcc/arm-none-eabi/9.3.1/thumb/v7e-m+fp/hard\libgcc.a
LOAD c:/st/stm32cubeide_1.4.0/stm32cubeide/plugins/com.st.stm32cube.ide.mcu.externaltools.gnu-tools-for-stm32.9-2020-q2-update.win32_1.5.0.202011040924/tools/bin/../lib/gcc/arm-none-eabi/9.3.1/../../../../arm-none-eabi/lib/thumb/v7e-m+fp/hard\libc_nano.a
LOAD c:/st/stm32cubeide_1.4.0/stm32cubeide/plugins/com.st.stm32cube.ide.mcu.externaltools.gnu-tools-for-stm32.9-2020-q2-update.win32_1.5.0.202011040924/tools/bin/../lib/gcc/arm-none-eabi/9.3.1/../../../../arm-none-eabi/lib/thumb/v7e-m+fp/hard\libnosys.a
END GROUP
LOAD c:/st/stm32cubeide_1.4.0/stm32cubeide/plugins/com.st.stm32cube.ide.mcu.externaltools.gnu-tools-for-stm32.9-2020-q2-update.win32_1.5.0.202011040924/tools/bin/../lib/gcc/arm-none-eabi/9.3.1/thumb/v7e-m+fp/hard/crtend.o
LOAD c:/st/stm32cubeide_1.4.0/stm32cubeide/plugins/com.st.stm32cube.ide.mcu.externaltools.gnu-tools-for-stm32.9-2020-q2-update.win32_1.5.0.202011040924/tools/bin/../lib/gcc/arm-none-eabi/9.3.1/thumb/v7e-m+fp/hard/crtn.o
                0x0000000020050000                _estack = (ORIGIN (RAM) + LENGTH (RAM))
                0x0000000000000200                _Min_Heap_Size = 0x200
                0x0000000000000400                _Min_Stack_Size = 0x400

.isr_vector     0x0000000008000000      0x1ac
                0x0000000008000000                . = ALIGN (0x4)
 *(.isr_vector)
 .isr_vector    0x0000000008000000      0x1ac Core/Startup/startup_stm32l4a6zgtx.o
                0x0000000008000000                g_pfnVectors
                0x00000000080001ac                . = ALIGN (0x4)

.text           0x00000000080001ac     0x624c
                0x00000000080001ac                . = ALIGN (0x4)
 *(.text)
 .text          0x00000000080001ac       0x40 c:/st/stm32cubeide_1.4.0/stm32cubeide/plugins/com.st.stm32cube.ide.mcu.externaltools.gnu-tools-for-stm32.9-2020-q2-update.win32_1.5.0.202011040924/tools/bin/../lib/gcc/arm-none-eabi/9.3.1/thumb/v7e-m+fp/hard/crtbegin.o
 *(.text*)
 .text.GFX_draw_char
                0x00000000080001ec      0x234 Core/Src/GFX.o
                0x00000000080001ec                GFX_draw_char
 .text.GFX_draw_string
                0x0000000008000420       0x72 Core/Src/GFX.o
                0x0000000008000420                GFX_draw_string
 .text.GFX_draw_fill_rect
                0x0000000008000492       0x5e Core/Src/GFX.o
                0x0000000008000492                GFX_draw_fill_rect
 .text.platform_write
                0x00000000080004f0       0x38 Core/Src/SSD1306.o
 .text.platform_write_dma
                0x0000000008000528       0x34 Core/Src/SSD1306.o
 .text.SSD1306_send_com
                0x000000000800055c       0x1e Core/Src/SSD1306.o
 *fill*         0x000000000800057a        0x2 
 .text.SSD1306_init
                0x000000000800057c      0x118 Core/Src/SSD1306.o
                0x000000000800057c                SSD1306_init
 .text.SSD1306_draw_pixel
                0x0000000008000694      0x1b4 Core/Src/SSD1306.o
                0x0000000008000694                SSD1306_draw_pixel
 .text.SSD1306_display_clear
                0x0000000008000848       0x1c Core/Src/SSD1306.o
                0x0000000008000848                SSD1306_display_clear
 .text.SSD1306_draw_fast_hline_internal
                0x0000000008000864      0x124 Core/Src/SSD1306.o
                0x0000000008000864                SSD1306_draw_fast_hline_internal
 .text.SSD1306_draw_fast_vline
                0x0000000008000988       0xf0 Core/Src/SSD1306.o
                0x0000000008000988                SSD1306_draw_fast_vline
 .text.SSD1306_draw_fast_vline_internal
                0x0000000008000a78      0x1f4 Core/Src/SSD1306.o
                0x0000000008000a78                SSD1306_draw_fast_vline_internal
 .text.SSD1306_display_repaint
                0x0000000008000c6c       0x4c Core/Src/SSD1306.o
                0x0000000008000c6c                SSD1306_display_repaint
 .text.SSD1306_set_rotation
                0x0000000008000cb8       0x20 Core/Src/SSD1306.o
                0x0000000008000cb8                SSD1306_set_rotation
 .text.SSD1306_get_rotation
                0x0000000008000cd8       0x18 Core/Src/SSD1306.o
                0x0000000008000cd8                SSD1306_get_rotation
 .text.MX_ADC1_Init
                0x0000000008000cf0       0xec Core/Src/adc.o
                0x0000000008000cf0                MX_ADC1_Init
 .text.HAL_ADC_MspInit
                0x0000000008000ddc       0x40 Core/Src/adc.o
                0x0000000008000ddc                HAL_ADC_MspInit
 .text.MX_DMA_Init
                0x0000000008000e1c       0x3c Core/Src/dma.o
                0x0000000008000e1c                MX_DMA_Init
 .text.MX_GPIO_Init
                0x0000000008000e58      0x198 Core/Src/gpio.o
                0x0000000008000e58                MX_GPIO_Init
 .text.MX_I2C1_Init
                0x0000000008000ff0       0x80 Core/Src/i2c.o
                0x0000000008000ff0                MX_I2C1_Init
 .text.HAL_I2C_MspInit
                0x0000000008001070       0xf4 Core/Src/i2c.o
                0x0000000008001070                HAL_I2C_MspInit
 .text.main     0x0000000008001164      0x110 Core/Src/main.o
                0x0000000008001164                main
 .text.SystemClock_Config
                0x0000000008001274      0x118 Core/Src/main.o
                0x0000000008001274                SystemClock_Config
 .text.Error_Handler
                0x000000000800138c        0xa Core/Src/main.o
                0x000000000800138c                Error_Handler
 *fill*         0x0000000008001396        0x2 
 .text.HAL_MspInit
                0x0000000008001398       0x48 Core/Src/stm32l4xx_hal_msp.o
                0x0000000008001398                HAL_MspInit
 .text.NMI_Handler
                0x00000000080013e0        0x6 Core/Src/stm32l4xx_it.o
                0x00000000080013e0                NMI_Handler
 .text.HardFault_Handler
                0x00000000080013e6        0x6 Core/Src/stm32l4xx_it.o
                0x00000000080013e6                HardFault_Handler
 .text.MemManage_Handler
                0x00000000080013ec        0x6 Core/Src/stm32l4xx_it.o
                0x00000000080013ec                MemManage_Handler
 .text.BusFault_Handler
                0x00000000080013f2        0x6 Core/Src/stm32l4xx_it.o
                0x00000000080013f2                BusFault_Handler
 .text.UsageFault_Handler
                0x00000000080013f8        0x6 Core/Src/stm32l4xx_it.o
                0x00000000080013f8                UsageFault_Handler
 .text.SVC_Handler
                0x00000000080013fe        0xe Core/Src/stm32l4xx_it.o
                0x00000000080013fe                SVC_Handler
 .text.DebugMon_Handler
                0x000000000800140c        0xe Core/Src/stm32l4xx_it.o
                0x000000000800140c                DebugMon_Handler
 .text.PendSV_Handler
                0x000000000800141a        0xe Core/Src/stm32l4xx_it.o
                0x000000000800141a                PendSV_Handler
 .text.SysTick_Handler
                0x0000000008001428        0xc Core/Src/stm32l4xx_it.o
                0x0000000008001428                SysTick_Handler
 .text.DMA1_Channel6_IRQHandler
                0x0000000008001434       0x14 Core/Src/stm32l4xx_it.o
                0x0000000008001434                DMA1_Channel6_IRQHandler
 .text.I2C1_EV_IRQHandler
                0x0000000008001448       0x14 Core/Src/stm32l4xx_it.o
                0x0000000008001448                I2C1_EV_IRQHandler
 .text._sbrk    0x000000000800145c       0x6c Core/Src/sysmem.o
                0x000000000800145c                _sbrk
 .text.SystemInit
                0x00000000080014c8       0x64 Core/Src/system_stm32l4xx.o
                0x00000000080014c8                SystemInit
 .text.Reset_Handler
                0x000000000800152c       0x50 Core/Startup/startup_stm32l4a6zgtx.o
                0x000000000800152c                Reset_Handler
 .text.Default_Handler
                0x000000000800157c        0x2 Core/Startup/startup_stm32l4a6zgtx.o
                0x000000000800157c                RTC_Alarm_IRQHandler
                0x000000000800157c                HASH_RNG_IRQHandler
                0x000000000800157c                EXTI2_IRQHandler
                0x000000000800157c                TIM8_TRG_COM_IRQHandler
                0x000000000800157c                TIM8_CC_IRQHandler
                0x000000000800157c                TIM1_CC_IRQHandler
                0x000000000800157c                TSC_IRQHandler
                0x000000000800157c                TAMP_STAMP_IRQHandler
                0x000000000800157c                CAN2_RX1_IRQHandler
                0x000000000800157c                EXTI3_IRQHandler
                0x000000000800157c                LPTIM2_IRQHandler
                0x000000000800157c                DFSDM1_FLT1_IRQHandler
                0x000000000800157c                I2C3_ER_IRQHandler
                0x000000000800157c                DFSDM1_FLT2_IRQHandler
                0x000000000800157c                EXTI0_IRQHandler
                0x000000000800157c                I2C2_EV_IRQHandler
                0x000000000800157c                CAN1_RX0_IRQHandler
                0x000000000800157c                FPU_IRQHandler
                0x000000000800157c                TIM1_UP_TIM16_IRQHandler
                0x000000000800157c                CAN2_SCE_IRQHandler
                0x000000000800157c                ADC1_2_IRQHandler
                0x000000000800157c                SPI1_IRQHandler
                0x000000000800157c                TIM6_DAC_IRQHandler
                0x000000000800157c                DCMI_IRQHandler
                0x000000000800157c                CAN2_RX0_IRQHandler
                0x000000000800157c                TIM8_UP_IRQHandler
                0x000000000800157c                DMA2_Channel2_IRQHandler
                0x000000000800157c                DMA1_Channel4_IRQHandler
                0x000000000800157c                SAI2_IRQHandler
                0x000000000800157c                DFSDM1_FLT3_IRQHandler
                0x000000000800157c                USART3_IRQHandler
                0x000000000800157c                DMA1_Channel7_IRQHandler
                0x000000000800157c                CAN1_RX1_IRQHandler
                0x000000000800157c                LCD_IRQHandler
                0x000000000800157c                UART5_IRQHandler
                0x000000000800157c                ADC3_IRQHandler
                0x000000000800157c                TIM4_IRQHandler
                0x000000000800157c                DMA2_Channel1_IRQHandler
                0x000000000800157c                QUADSPI_IRQHandler
                0x000000000800157c                UART4_IRQHandler
                0x000000000800157c                DMA2_Channel4_IRQHandler
                0x000000000800157c                TIM3_IRQHandler
                0x000000000800157c                RCC_IRQHandler
                0x000000000800157c                DMA1_Channel1_IRQHandler
                0x000000000800157c                Default_Handler
                0x000000000800157c                DMA2_Channel7_IRQHandler
                0x000000000800157c                EXTI15_10_IRQHandler
                0x000000000800157c                TIM7_IRQHandler
                0x000000000800157c                SDMMC1_IRQHandler
                0x000000000800157c                CAN2_TX_IRQHandler
                0x000000000800157c                TIM5_IRQHandler
                0x000000000800157c                I2C3_EV_IRQHandler
                0x000000000800157c                EXTI9_5_IRQHandler
                0x000000000800157c                RTC_WKUP_IRQHandler
                0x000000000800157c                PVD_PVM_IRQHandler
                0x000000000800157c                SPI2_IRQHandler
                0x000000000800157c                CAN1_TX_IRQHandler
                0x000000000800157c                DMA2_Channel5_IRQHandler
                0x000000000800157c                CRS_IRQHandler
                0x000000000800157c                DMA1_Channel5_IRQHandler
                0x000000000800157c                EXTI4_IRQHandler
                0x000000000800157c                TIM1_TRG_COM_TIM17_IRQHandler
                0x000000000800157c                DMA1_Channel3_IRQHandler
                0x000000000800157c                COMP_IRQHandler
                0x000000000800157c                WWDG_IRQHandler
                0x000000000800157c                I2C4_EV_IRQHandler
                0x000000000800157c                LPUART1_IRQHandler
                0x000000000800157c                DMA2_Channel6_IRQHandler
                0x000000000800157c                TIM2_IRQHandler
                0x000000000800157c                DMA2D_IRQHandler
                0x000000000800157c                EXTI1_IRQHandler
                0x000000000800157c                AES_IRQHandler
                0x000000000800157c                USART2_IRQHandler
                0x000000000800157c                DFSDM1_FLT0_IRQHandler
                0x000000000800157c                I2C2_ER_IRQHandler
                0x000000000800157c                DMA1_Channel2_IRQHandler
                0x000000000800157c                TIM8_BRK_IRQHandler
                0x000000000800157c                CAN1_SCE_IRQHandler
                0x000000000800157c                FLASH_IRQHandler
                0x000000000800157c                USART1_IRQHandler
                0x000000000800157c                OTG_FS_IRQHandler
                0x000000000800157c                SPI3_IRQHandler
                0x000000000800157c                I2C1_ER_IRQHandler
                0x000000000800157c                FMC_IRQHandler
                0x000000000800157c                SWPMI1_IRQHandler
                0x000000000800157c                LPTIM1_IRQHandler
                0x000000000800157c                I2C4_ER_IRQHandler
                0x000000000800157c                SAI1_IRQHandler
                0x000000000800157c                DMA2_Channel3_IRQHandler
                0x000000000800157c                TIM1_BRK_TIM15_IRQHandler
 .text.HAL_Init
                0x000000000800157e       0x30 Drivers/STM32L4xx_HAL_Driver/stm32l4xx_hal.o
                0x000000000800157e                HAL_Init
 *fill*         0x00000000080015ae        0x2 
 .text.HAL_InitTick
                0x00000000080015b0       0x78 Drivers/STM32L4xx_HAL_Driver/stm32l4xx_hal.o
                0x00000000080015b0                HAL_InitTick
 .text.HAL_IncTick
                0x0000000008001628       0x28 Drivers/STM32L4xx_HAL_Driver/stm32l4xx_hal.o
                0x0000000008001628                HAL_IncTick
 .text.HAL_GetTick
                0x0000000008001650       0x18 Drivers/STM32L4xx_HAL_Driver/stm32l4xx_hal.o
                0x0000000008001650                HAL_GetTick
 .text.HAL_Delay
                0x0000000008001668       0x48 Drivers/STM32L4xx_HAL_Driver/stm32l4xx_hal.o
                0x0000000008001668                HAL_Delay
 .text.LL_ADC_SetCommonClock
                0x00000000080016b0       0x26 Drivers/STM32L4xx_HAL_Driver/stm32l4xx_hal_adc.o
 .text.LL_ADC_SetCommonPathInternalCh
                0x00000000080016d6       0x26 Drivers/STM32L4xx_HAL_Driver/stm32l4xx_hal_adc.o
 .text.LL_ADC_GetCommonPathInternalCh
                0x00000000080016fc       0x1c Drivers/STM32L4xx_HAL_Driver/stm32l4xx_hal_adc.o
 .text.LL_ADC_SetOffset
                0x0000000008001718       0x48 Drivers/STM32L4xx_HAL_Driver/stm32l4xx_hal_adc.o
 .text.LL_ADC_GetOffsetChannel
                0x0000000008001760       0x2c Drivers/STM32L4xx_HAL_Driver/stm32l4xx_hal_adc.o
 .text.LL_ADC_SetOffsetState
                0x000000000800178c       0x36 Drivers/STM32L4xx_HAL_Driver/stm32l4xx_hal_adc.o
 .text.LL_ADC_SetSamplingTimeCommonConfig
                0x00000000080017c2       0x26 Drivers/STM32L4xx_HAL_Driver/stm32l4xx_hal_adc.o
 .text.LL_ADC_REG_SetSequencerRanks
                0x00000000080017e8       0x58 Drivers/STM32L4xx_HAL_Driver/stm32l4xx_hal_adc.o
 .text.LL_ADC_SetChannelSamplingTime
                0x0000000008001840       0x56 Drivers/STM32L4xx_HAL_Driver/stm32l4xx_hal_adc.o
 *fill*         0x0000000008001896        0x2 
 .text.LL_ADC_SetChannelSingleDiff
                0x0000000008001898       0x48 Drivers/STM32L4xx_HAL_Driver/stm32l4xx_hal_adc.o
 .text.LL_ADC_DisableDeepPowerDown
                0x00000000080018e0       0x24 Drivers/STM32L4xx_HAL_Driver/stm32l4xx_hal_adc.o
 .text.LL_ADC_IsDeepPowerDownEnabled
                0x0000000008001904       0x28 Drivers/STM32L4xx_HAL_Driver/stm32l4xx_hal_adc.o
 .text.LL_ADC_EnableInternalRegulator
                0x000000000800192c       0x28 Drivers/STM32L4xx_HAL_Driver/stm32l4xx_hal_adc.o
 .text.LL_ADC_IsInternalRegulatorEnabled
                0x0000000008001954       0x28 Drivers/STM32L4xx_HAL_Driver/stm32l4xx_hal_adc.o
 .text.LL_ADC_IsEnabled
                0x000000000800197c       0x26 Drivers/STM32L4xx_HAL_Driver/stm32l4xx_hal_adc.o
 .text.LL_ADC_REG_IsConversionOngoing
                0x00000000080019a2       0x26 Drivers/STM32L4xx_HAL_Driver/stm32l4xx_hal_adc.o
 .text.LL_ADC_INJ_IsConversionOngoing
                0x00000000080019c8       0x26 Drivers/STM32L4xx_HAL_Driver/stm32l4xx_hal_adc.o
 *fill*         0x00000000080019ee        0x2 
 .text.HAL_ADC_Init
                0x00000000080019f0      0x2b4 Drivers/STM32L4xx_HAL_Driver/stm32l4xx_hal_adc.o
                0x00000000080019f0                HAL_ADC_Init
 .text.HAL_ADC_ConfigChannel
                0x0000000008001ca4      0x818 Drivers/STM32L4xx_HAL_Driver/stm32l4xx_hal_adc.o
                0x0000000008001ca4                HAL_ADC_ConfigChannel
 .text.LL_ADC_IsEnabled
                0x00000000080024bc       0x26 Drivers/STM32L4xx_HAL_Driver/stm32l4xx_hal_adc_ex.o
 .text.LL_ADC_REG_IsConversionOngoing
                0x00000000080024e2       0x26 Drivers/STM32L4xx_HAL_Driver/stm32l4xx_hal_adc_ex.o
 .text.HAL_ADCEx_MultiModeConfigChannel
                0x0000000008002508      0x160 Drivers/STM32L4xx_HAL_Driver/stm32l4xx_hal_adc_ex.o
                0x0000000008002508                HAL_ADCEx_MultiModeConfigChannel
 .text.__NVIC_SetPriorityGrouping
                0x0000000008002668       0x48 Drivers/STM32L4xx_HAL_Driver/stm32l4xx_hal_cortex.o
 .text.__NVIC_GetPriorityGrouping
                0x00000000080026b0       0x1c Drivers/STM32L4xx_HAL_Driver/stm32l4xx_hal_cortex.o
 .text.__NVIC_EnableIRQ
                0x00000000080026cc       0x3c Drivers/STM32L4xx_HAL_Driver/stm32l4xx_hal_cortex.o
 .text.__NVIC_SetPriority
                0x0000000008002708       0x54 Drivers/STM32L4xx_HAL_Driver/stm32l4xx_hal_cortex.o
 .text.NVIC_EncodePriority
                0x000000000800275c       0x66 Drivers/STM32L4xx_HAL_Driver/stm32l4xx_hal_cortex.o
 *fill*         0x00000000080027c2        0x2 
 .text.SysTick_Config
                0x00000000080027c4       0x44 Drivers/STM32L4xx_HAL_Driver/stm32l4xx_hal_cortex.o
 .text.HAL_NVIC_SetPriorityGrouping
                0x0000000008002808       0x16 Drivers/STM32L4xx_HAL_Driver/stm32l4xx_hal_cortex.o
                0x0000000008002808                HAL_NVIC_SetPriorityGrouping
 .text.HAL_NVIC_SetPriority
                0x000000000800281e       0x38 Drivers/STM32L4xx_HAL_Driver/stm32l4xx_hal_cortex.o
                0x000000000800281e                HAL_NVIC_SetPriority
 .text.HAL_NVIC_EnableIRQ
                0x0000000008002856       0x1c Drivers/STM32L4xx_HAL_Driver/stm32l4xx_hal_cortex.o
                0x0000000008002856                HAL_NVIC_EnableIRQ
 .text.HAL_SYSTICK_Config
                0x0000000008002872       0x18 Drivers/STM32L4xx_HAL_Driver/stm32l4xx_hal_cortex.o
                0x0000000008002872                HAL_SYSTICK_Config
 *fill*         0x000000000800288a        0x2 
 .text.HAL_DMA_Init
                0x000000000800288c      0x170 Drivers/STM32L4xx_HAL_Driver/stm32l4xx_hal_dma.o
                0x000000000800288c                HAL_DMA_Init
 .text.HAL_DMA_Start_IT
                0x00000000080029fc       0xc0 Drivers/STM32L4xx_HAL_Driver/stm32l4xx_hal_dma.o
                0x00000000080029fc                HAL_DMA_Start_IT
 .text.HAL_DMA_Abort_IT
                0x0000000008002abc       0x82 Drivers/STM32L4xx_HAL_Driver/stm32l4xx_hal_dma.o
                0x0000000008002abc                HAL_DMA_Abort_IT
 .text.HAL_DMA_IRQHandler
                0x0000000008002b3e      0x15e Drivers/STM32L4xx_HAL_Driver/stm32l4xx_hal_dma.o
                0x0000000008002b3e                HAL_DMA_IRQHandler
 .text.HAL_DMA_GetState
                0x0000000008002c9c       0x1c Drivers/STM32L4xx_HAL_Driver/stm32l4xx_hal_dma.o
                0x0000000008002c9c                HAL_DMA_GetState
 .text.DMA_SetConfig
                0x0000000008002cb8       0x60 Drivers/STM32L4xx_HAL_Driver/stm32l4xx_hal_dma.o
 .text.HAL_GPIO_Init
                0x0000000008002d18      0x324 Drivers/STM32L4xx_HAL_Driver/stm32l4xx_hal_gpio.o
                0x0000000008002d18                HAL_GPIO_Init
 .text.HAL_GPIO_WritePin
                0x000000000800303c       0x30 Drivers/STM32L4xx_HAL_Driver/stm32l4xx_hal_gpio.o
                0x000000000800303c                HAL_GPIO_WritePin
 .text.HAL_I2C_Init
                0x000000000800306c      0x11e Drivers/STM32L4xx_HAL_Driver/stm32l4xx_hal_i2c.o
                0x000000000800306c                HAL_I2C_Init
 *fill*         0x000000000800318a        0x2 
 .text.HAL_I2C_Mem_Write
                0x000000000800318c      0x228 Drivers/STM32L4xx_HAL_Driver/stm32l4xx_hal_i2c.o
                0x000000000800318c                HAL_I2C_Mem_Write
 .text.HAL_I2C_Mem_Write_DMA
                0x00000000080033b4      0x1ec Drivers/STM32L4xx_HAL_Driver/stm32l4xx_hal_i2c.o
                0x00000000080033b4                HAL_I2C_Mem_Write_DMA
 .text.HAL_I2C_EV_IRQHandler
                0x00000000080035a0       0x34 Drivers/STM32L4xx_HAL_Driver/stm32l4xx_hal_i2c.o
                0x00000000080035a0                HAL_I2C_EV_IRQHandler
 .text.HAL_I2C_MasterTxCpltCallback
                0x00000000080035d4       0x14 Drivers/STM32L4xx_HAL_Driver/stm32l4xx_hal_i2c.o
                0x00000000080035d4                HAL_I2C_MasterTxCpltCallback
 .text.HAL_I2C_MasterRxCpltCallback
                0x00000000080035e8       0x14 Drivers/STM32L4xx_HAL_Driver/stm32l4xx_hal_i2c.o
                0x00000000080035e8                HAL_I2C_MasterRxCpltCallback
 .text.HAL_I2C_SlaveTxCpltCallback
                0x00000000080035fc       0x14 Drivers/STM32L4xx_HAL_Driver/stm32l4xx_hal_i2c.o
                0x00000000080035fc                HAL_I2C_SlaveTxCpltCallback
 .text.HAL_I2C_SlaveRxCpltCallback
                0x0000000008003610       0x14 Drivers/STM32L4xx_HAL_Driver/stm32l4xx_hal_i2c.o
                0x0000000008003610                HAL_I2C_SlaveRxCpltCallback
 .text.HAL_I2C_AddrCallback
                0x0000000008003624       0x1c Drivers/STM32L4xx_HAL_Driver/stm32l4xx_hal_i2c.o
                0x0000000008003624                HAL_I2C_AddrCallback
 .text.HAL_I2C_ListenCpltCallback
                0x0000000008003640       0x14 Drivers/STM32L4xx_HAL_Driver/stm32l4xx_hal_i2c.o
                0x0000000008003640                HAL_I2C_ListenCpltCallback
 .text.HAL_I2C_MemTxCpltCallback
                0x0000000008003654       0x14 Drivers/STM32L4xx_HAL_Driver/stm32l4xx_hal_i2c.o
                0x0000000008003654                HAL_I2C_MemTxCpltCallback
 .text.HAL_I2C_MemRxCpltCallback
                0x0000000008003668       0x14 Drivers/STM32L4xx_HAL_Driver/stm32l4xx_hal_i2c.o
                0x0000000008003668                HAL_I2C_MemRxCpltCallback
 .text.HAL_I2C_ErrorCallback
                0x000000000800367c       0x14 Drivers/STM32L4xx_HAL_Driver/stm32l4xx_hal_i2c.o
                0x000000000800367c                HAL_I2C_ErrorCallback
 .text.HAL_I2C_AbortCpltCallback
                0x0000000008003690       0x14 Drivers/STM32L4xx_HAL_Driver/stm32l4xx_hal_i2c.o
                0x0000000008003690                HAL_I2C_AbortCpltCallback
 .text.I2C_Slave_ISR_IT
                0x00000000080036a4      0x206 Drivers/STM32L4xx_HAL_Driver/stm32l4xx_hal_i2c.o
 .text.I2C_Master_ISR_DMA
                0x00000000080038aa      0x1e6 Drivers/STM32L4xx_HAL_Driver/stm32l4xx_hal_i2c.o
 .text.I2C_Slave_ISR_DMA
                0x0000000008003a90      0x1c0 Drivers/STM32L4xx_HAL_Driver/stm32l4xx_hal_i2c.o
 .text.I2C_RequestMemoryWrite
                0x0000000008003c50       0xa8 Drivers/STM32L4xx_HAL_Driver/stm32l4xx_hal_i2c.o
 .text.I2C_ITAddrCplt
                0x0000000008003cf8      0x108 Drivers/STM32L4xx_HAL_Driver/stm32l4xx_hal_i2c.o
 .text.I2C_ITMasterSeqCplt
                0x0000000008003e00       0x7a Drivers/STM32L4xx_HAL_Driver/stm32l4xx_hal_i2c.o
 .text.I2C_ITSlaveSeqCplt
                0x0000000008003e7a       0xbc Drivers/STM32L4xx_HAL_Driver/stm32l4xx_hal_i2c.o
 *fill*         0x0000000008003f36        0x2 
 .text.I2C_ITMasterCplt
                0x0000000008003f38      0x194 Drivers/STM32L4xx_HAL_Driver/stm32l4xx_hal_i2c.o
 .text.I2C_ITSlaveCplt
                0x00000000080040cc      0x214 Drivers/STM32L4xx_HAL_Driver/stm32l4xx_hal_i2c.o
 .text.I2C_ITListenCplt
                0x00000000080042e0       0xac Drivers/STM32L4xx_HAL_Driver/stm32l4xx_hal_i2c.o
 .text.I2C_ITError
                0x000000000800438c      0x1a0 Drivers/STM32L4xx_HAL_Driver/stm32l4xx_hal_i2c.o
 .text.I2C_TreatErrorCallback
                0x000000000800452c       0x4e Drivers/STM32L4xx_HAL_Driver/stm32l4xx_hal_i2c.o
 .text.I2C_Flush_TXDR
                0x000000000800457a       0x48 Drivers/STM32L4xx_HAL_Driver/stm32l4xx_hal_i2c.o
 .text.I2C_DMAMasterTransmitCplt
                0x00000000080045c2       0x96 Drivers/STM32L4xx_HAL_Driver/stm32l4xx_hal_i2c.o
 .text.I2C_DMAError
                0x0000000008004658       0x2e Drivers/STM32L4xx_HAL_Driver/stm32l4xx_hal_i2c.o
 .text.I2C_DMAAbort
                0x0000000008004686       0x3c Drivers/STM32L4xx_HAL_Driver/stm32l4xx_hal_i2c.o
 .text.I2C_WaitOnFlagUntilTimeout
                0x00000000080046c2       0x80 Drivers/STM32L4xx_HAL_Driver/stm32l4xx_hal_i2c.o
 .text.I2C_WaitOnTXISFlagUntilTimeout
                0x0000000008004742       0x80 Drivers/STM32L4xx_HAL_Driver/stm32l4xx_hal_i2c.o
 .text.I2C_WaitOnSTOPFlagUntilTimeout
                0x00000000080047c2       0x78 Drivers/STM32L4xx_HAL_Driver/stm32l4xx_hal_i2c.o
 *fill*         0x000000000800483a        0x2 
 .text.I2C_IsAcknowledgeFailed
                0x000000000800483c       0xcc Drivers/STM32L4xx_HAL_Driver/stm32l4xx_hal_i2c.o
 .text.I2C_TransferConfig
                0x0000000008004908       0x5c Drivers/STM32L4xx_HAL_Driver/stm32l4xx_hal_i2c.o
 .text.I2C_Enable_IRQ
                0x0000000008004964       0xc8 Drivers/STM32L4xx_HAL_Driver/stm32l4xx_hal_i2c.o
 .text.I2C_Disable_IRQ
                0x0000000008004a2c       0xbc Drivers/STM32L4xx_HAL_Driver/stm32l4xx_hal_i2c.o
 .text.HAL_I2CEx_ConfigAnalogFilter
                0x0000000008004ae8       0x96 Drivers/STM32L4xx_HAL_Driver/stm32l4xx_hal_i2c_ex.o
                0x0000000008004ae8                HAL_I2CEx_ConfigAnalogFilter
 .text.HAL_I2CEx_ConfigDigitalFilter
                0x0000000008004b7e       0x98 Drivers/STM32L4xx_HAL_Driver/stm32l4xx_hal_i2c_ex.o
                0x0000000008004b7e                HAL_I2CEx_ConfigDigitalFilter
 *fill*         0x0000000008004c16        0x2 
 .text.HAL_PWREx_GetVoltageRange
                0x0000000008004c18       0x1c Drivers/STM32L4xx_HAL_Driver/stm32l4xx_hal_pwr_ex.o
                0x0000000008004c18                HAL_PWREx_GetVoltageRange
 .text.HAL_PWREx_ControlVoltageScaling
                0x0000000008004c34       0xac Drivers/STM32L4xx_HAL_Driver/stm32l4xx_hal_pwr_ex.o
                0x0000000008004c34                HAL_PWREx_ControlVoltageScaling
 .text.HAL_PWREx_EnableVddIO2
                0x0000000008004ce0       0x20 Drivers/STM32L4xx_HAL_Driver/stm32l4xx_hal_pwr_ex.o
                0x0000000008004ce0                HAL_PWREx_EnableVddIO2
 .text.HAL_RCC_OscConfig
                0x0000000008004d00      0x84c Drivers/STM32L4xx_HAL_Driver/stm32l4xx_hal_rcc.o
                0x0000000008004d00                HAL_RCC_OscConfig
 .text.HAL_RCC_ClockConfig
                0x000000000800554c      0x1c4 Drivers/STM32L4xx_HAL_Driver/stm32l4xx_hal_rcc.o
                0x000000000800554c                HAL_RCC_ClockConfig
 .text.HAL_RCC_GetSysClockFreq
                0x0000000008005710      0x118 Drivers/STM32L4xx_HAL_Driver/stm32l4xx_hal_rcc.o
                0x0000000008005710                HAL_RCC_GetSysClockFreq
 .text.RCC_SetFlashLatencyFromMSIRange
                0x0000000008005828       0xc0 Drivers/STM32L4xx_HAL_Driver/stm32l4xx_hal_rcc.o
 .text.HAL_RCCEx_PeriphCLKConfig
                0x00000000080058e8      0x5f8 Drivers/STM32L4xx_HAL_Driver/stm32l4xx_hal_rcc_ex.o
                0x00000000080058e8                HAL_RCCEx_PeriphCLKConfig
 .text.RCCEx_PLLSAI1_Config
                0x0000000008005ee0      0x1e4 Drivers/STM32L4xx_HAL_Driver/stm32l4xx_hal_rcc_ex.o
 .text.RCCEx_PLLSAI2_Config
                0x00000000080060c4      0x1b8 Drivers/STM32L4xx_HAL_Driver/stm32l4xx_hal_rcc_ex.o
 .text.__errno  0x000000000800627c        0xc c:/st/stm32cubeide_1.4.0/stm32cubeide/plugins/com.st.stm32cube.ide.mcu.externaltools.gnu-tools-for-stm32.9-2020-q2-update.win32_1.5.0.202011040924/tools/bin/../lib/gcc/arm-none-eabi/9.3.1/../../../../arm-none-eabi/lib/thumb/v7e-m+fp/hard\libc_nano.a(lib_a-errno.o)
                0x000000000800627c                __errno
 .text.__libc_init_array
                0x0000000008006288       0x48 c:/st/stm32cubeide_1.4.0/stm32cubeide/plugins/com.st.stm32cube.ide.mcu.externaltools.gnu-tools-for-stm32.9-2020-q2-update.win32_1.5.0.202011040924/tools/bin/../lib/gcc/arm-none-eabi/9.3.1/../../../../arm-none-eabi/lib/thumb/v7e-m+fp/hard\libc_nano.a(lib_a-init.o)
                0x0000000008006288                __libc_init_array
 .text.malloc   0x00000000080062d0       0x10 c:/st/stm32cubeide_1.4.0/stm32cubeide/plugins/com.st.stm32cube.ide.mcu.externaltools.gnu-tools-for-stm32.9-2020-q2-update.win32_1.5.0.202011040924/tools/bin/../lib/gcc/arm-none-eabi/9.3.1/../../../../arm-none-eabi/lib/thumb/v7e-m+fp/hard\libc_nano.a(lib_a-malloc.o)
                0x00000000080062d0                malloc
 .text.memset   0x00000000080062e0       0x10 c:/st/stm32cubeide_1.4.0/stm32cubeide/plugins/com.st.stm32cube.ide.mcu.externaltools.gnu-tools-for-stm32.9-2020-q2-update.win32_1.5.0.202011040924/tools/bin/../lib/gcc/arm-none-eabi/9.3.1/../../../../arm-none-eabi/lib/thumb/v7e-m+fp/hard\libc_nano.a(lib_a-memset.o)
                0x00000000080062e0                memset
 .text._malloc_r
                0x00000000080062f0       0xb4 c:/st/stm32cubeide_1.4.0/stm32cubeide/plugins/com.st.stm32cube.ide.mcu.externaltools.gnu-tools-for-stm32.9-2020-q2-update.win32_1.5.0.202011040924/tools/bin/../lib/gcc/arm-none-eabi/9.3.1/../../../../arm-none-eabi/lib/thumb/v7e-m+fp/hard\libc_nano.a(lib_a-nano-mallocr.o)
                0x00000000080062f0                _malloc_r
 .text._sbrk_r  0x00000000080063a4       0x20 c:/st/stm32cubeide_1.4.0/stm32cubeide/plugins/com.st.stm32cube.ide.mcu.externaltools.gnu-tools-for-stm32.9-2020-q2-update.win32_1.5.0.202011040924/tools/bin/../lib/gcc/arm-none-eabi/9.3.1/../../../../arm-none-eabi/lib/thumb/v7e-m+fp/hard\libc_nano.a(lib_a-sbrkr.o)
                0x00000000080063a4                _sbrk_r
 .text.__malloc_lock
                0x00000000080063c4        0xc c:/st/stm32cubeide_1.4.0/stm32cubeide/plugins/com.st.stm32cube.ide.mcu.externaltools.gnu-tools-for-stm32.9-2020-q2-update.win32_1.5.0.202011040924/tools/bin/../lib/gcc/arm-none-eabi/9.3.1/../../../../arm-none-eabi/lib/thumb/v7e-m+fp/hard\libc_nano.a(lib_a-mlock.o)
                0x00000000080063c4                __malloc_lock
 .text.__malloc_unlock
                0x00000000080063d0        0xc c:/st/stm32cubeide_1.4.0/stm32cubeide/plugins/com.st.stm32cube.ide.mcu.externaltools.gnu-tools-for-stm32.9-2020-q2-update.win32_1.5.0.202011040924/tools/bin/../lib/gcc/arm-none-eabi/9.3.1/../../../../arm-none-eabi/lib/thumb/v7e-m+fp/hard\libc_nano.a(lib_a-mlock.o)
                0x00000000080063d0                __malloc_unlock
 .text.__retarget_lock_acquire_recursive
                0x00000000080063dc        0x2 c:/st/stm32cubeide_1.4.0/stm32cubeide/plugins/com.st.stm32cube.ide.mcu.externaltools.gnu-tools-for-stm32.9-2020-q2-update.win32_1.5.0.202011040924/tools/bin/../lib/gcc/arm-none-eabi/9.3.1/../../../../arm-none-eabi/lib/thumb/v7e-m+fp/hard\libc_nano.a(lib_a-lock.o)
                0x00000000080063dc                __retarget_lock_acquire_recursive
 .text.__retarget_lock_release_recursive
                0x00000000080063de        0x2 c:/st/stm32cubeide_1.4.0/stm32cubeide/plugins/com.st.stm32cube.ide.mcu.externaltools.gnu-tools-for-stm32.9-2020-q2-update.win32_1.5.0.202011040924/tools/bin/../lib/gcc/arm-none-eabi/9.3.1/../../../../arm-none-eabi/lib/thumb/v7e-m+fp/hard\libc_nano.a(lib_a-lock.o)
                0x00000000080063de                __retarget_lock_release_recursive
 *(.glue_7)
 .glue_7        0x00000000080063e0        0x0 linker stubs
 *(.glue_7t)
 .glue_7t       0x00000000080063e0        0x0 linker stubs
 *(.eh_frame)
 .eh_frame      0x00000000080063e0        0x0 c:/st/stm32cubeide_1.4.0/stm32cubeide/plugins/com.st.stm32cube.ide.mcu.externaltools.gnu-tools-for-stm32.9-2020-q2-update.win32_1.5.0.202011040924/tools/bin/../lib/gcc/arm-none-eabi/9.3.1/thumb/v7e-m+fp/hard/crtbegin.o
 *(.init)
 .init          0x00000000080063e0        0x4 c:/st/stm32cubeide_1.4.0/stm32cubeide/plugins/com.st.stm32cube.ide.mcu.externaltools.gnu-tools-for-stm32.9-2020-q2-update.win32_1.5.0.202011040924/tools/bin/../lib/gcc/arm-none-eabi/9.3.1/thumb/v7e-m+fp/hard/crti.o
                0x00000000080063e0                _init
 .init          0x00000000080063e4        0x8 c:/st/stm32cubeide_1.4.0/stm32cubeide/plugins/com.st.stm32cube.ide.mcu.externaltools.gnu-tools-for-stm32.9-2020-q2-update.win32_1.5.0.202011040924/tools/bin/../lib/gcc/arm-none-eabi/9.3.1/thumb/v7e-m+fp/hard/crtn.o
 *(.fini)
 .fini          0x00000000080063ec        0x4 c:/st/stm32cubeide_1.4.0/stm32cubeide/plugins/com.st.stm32cube.ide.mcu.externaltools.gnu-tools-for-stm32.9-2020-q2-update.win32_1.5.0.202011040924/tools/bin/../lib/gcc/arm-none-eabi/9.3.1/thumb/v7e-m+fp/hard/crti.o
                0x00000000080063ec                _fini
 .fini          0x00000000080063f0        0x8 c:/st/stm32cubeide_1.4.0/stm32cubeide/plugins/com.st.stm32cube.ide.mcu.externaltools.gnu-tools-for-stm32.9-2020-q2-update.win32_1.5.0.202011040924/tools/bin/../lib/gcc/arm-none-eabi/9.3.1/thumb/v7e-m+fp/hard/crtn.o
                0x00000000080063f8                . = ALIGN (0x4)
                0x00000000080063f8                _etext = .

.vfp11_veneer   0x00000000080063f8        0x0
 .vfp11_veneer  0x00000000080063f8        0x0 linker stubs

.v4_bx          0x00000000080063f8        0x0
 .v4_bx         0x00000000080063f8        0x0 linker stubs

.iplt           0x00000000080063f8        0x0
 .iplt          0x00000000080063f8        0x0 c:/st/stm32cubeide_1.4.0/stm32cubeide/plugins/com.st.stm32cube.ide.mcu.externaltools.gnu-tools-for-stm32.9-2020-q2-update.win32_1.5.0.202011040924/tools/bin/../lib/gcc/arm-none-eabi/9.3.1/thumb/v7e-m+fp/hard/crtbegin.o

.rodata         0x00000000080063f8      0x590
                0x00000000080063f8                . = ALIGN (0x4)
 *(.rodata)
 .rodata        0x00000000080063f8       0x40 Core/Src/main.o
 *(.rodata*)
 .rodata.font   0x0000000008006438      0x500 Core/Src/GFX.o
 .rodata.premask.10095
                0x0000000008006938        0x8 Core/Src/SSD1306.o
 .rodata.postmask.10106
                0x0000000008006940        0x8 Core/Src/SSD1306.o
 .rodata.AHBPrescTable
                0x0000000008006948       0x10 Core/Src/system_stm32l4xx.o
                0x0000000008006948                AHBPrescTable
 .rodata.MSIRangeTable
                0x0000000008006958       0x30 Core/Src/system_stm32l4xx.o
                0x0000000008006958                MSIRangeTable
                0x0000000008006988                . = ALIGN (0x4)

.rel.dyn        0x0000000008006988        0x0
 .rel.iplt      0x0000000008006988        0x0 c:/st/stm32cubeide_1.4.0/stm32cubeide/plugins/com.st.stm32cube.ide.mcu.externaltools.gnu-tools-for-stm32.9-2020-q2-update.win32_1.5.0.202011040924/tools/bin/../lib/gcc/arm-none-eabi/9.3.1/thumb/v7e-m+fp/hard/crtbegin.o

.ARM.extab      0x0000000008006988        0x0
                0x0000000008006988                . = ALIGN (0x4)
 *(.ARM.extab* .gnu.linkonce.armextab.*)
                0x0000000008006988                . = ALIGN (0x4)

.ARM            0x0000000008006988        0x0
                0x0000000008006988                . = ALIGN (0x4)
                0x0000000008006988                __exidx_start = .
 *(.ARM.exidx*)
                0x0000000008006988                __exidx_end = .
                0x0000000008006988                . = ALIGN (0x4)

.preinit_array  0x0000000008006988        0x0
                0x0000000008006988                . = ALIGN (0x4)
                0x0000000008006988                PROVIDE (__preinit_array_start = .)
 *(.preinit_array*)
                0x0000000008006988                PROVIDE (__preinit_array_end = .)
                0x0000000008006988                . = ALIGN (0x4)

.init_array     0x0000000008006988        0x4
                0x0000000008006988                . = ALIGN (0x4)
                0x0000000008006988                PROVIDE (__init_array_start = .)
 *(SORT_BY_NAME(.init_array.*))
 *(.init_array*)
 .init_array    0x0000000008006988        0x4 c:/st/stm32cubeide_1.4.0/stm32cubeide/plugins/com.st.stm32cube.ide.mcu.externaltools.gnu-tools-for-stm32.9-2020-q2-update.win32_1.5.0.202011040924/tools/bin/../lib/gcc/arm-none-eabi/9.3.1/thumb/v7e-m+fp/hard/crtbegin.o
                0x000000000800698c                PROVIDE (__init_array_end = .)
                0x000000000800698c                . = ALIGN (0x4)

.fini_array     0x000000000800698c        0x4
                0x000000000800698c                . = ALIGN (0x4)
                [!provide]                        PROVIDE (__fini_array_start = .)
 *(SORT_BY_NAME(.fini_array.*))
 *(.fini_array*)
 .fini_array    0x000000000800698c        0x4 c:/st/stm32cubeide_1.4.0/stm32cubeide/plugins/com.st.stm32cube.ide.mcu.externaltools.gnu-tools-for-stm32.9-2020-q2-update.win32_1.5.0.202011040924/tools/bin/../lib/gcc/arm-none-eabi/9.3.1/thumb/v7e-m+fp/hard/crtbegin.o
                [!provide]                        PROVIDE (__fini_array_end = .)
                0x0000000008006990                . = ALIGN (0x4)
                0x0000000008006990                _sidata = LOADADDR (.data)

.data           0x0000000020000000       0x70 load address 0x0000000008006990
                0x0000000020000000                . = ALIGN (0x4)
                0x0000000020000000                _sdata = .
 *(.data)
 *(.data*)
 .data.SystemCoreClock
                0x0000000020000000        0x4 Core/Src/system_stm32l4xx.o
                0x0000000020000000                SystemCoreClock
 .data.uwTickPrio
                0x0000000020000004        0x4 Drivers/STM32L4xx_HAL_Driver/stm32l4xx_hal.o
                0x0000000020000004                uwTickPrio
 .data.uwTickFreq
                0x0000000020000008        0x1 Drivers/STM32L4xx_HAL_Driver/stm32l4xx_hal.o
                0x0000000020000008                uwTickFreq
 *fill*         0x0000000020000009        0x3 
 .data._impure_ptr
                0x000000002000000c        0x4 c:/st/stm32cubeide_1.4.0/stm32cubeide/plugins/com.st.stm32cube.ide.mcu.externaltools.gnu-tools-for-stm32.9-2020-q2-update.win32_1.5.0.202011040924/tools/bin/../lib/gcc/arm-none-eabi/9.3.1/../../../../arm-none-eabi/lib/thumb/v7e-m+fp/hard\libc_nano.a(lib_a-impure.o)
                0x000000002000000c                _impure_ptr
 .data.impure_data
                0x0000000020000010       0x60 c:/st/stm32cubeide_1.4.0/stm32cubeide/plugins/com.st.stm32cube.ide.mcu.externaltools.gnu-tools-for-stm32.9-2020-q2-update.win32_1.5.0.202011040924/tools/bin/../lib/gcc/arm-none-eabi/9.3.1/../../../../arm-none-eabi/lib/thumb/v7e-m+fp/hard\libc_nano.a(lib_a-impure.o)
 *(.RamFunc)
 *(.RamFunc*)
                0x0000000020000070                . = ALIGN (0x4)
                0x0000000020000070                _edata = .

.igot.plt       0x0000000020000070        0x0 load address 0x0000000008006a00
 .igot.plt      0x0000000020000070        0x0 c:/st/stm32cubeide_1.4.0/stm32cubeide/plugins/com.st.stm32cube.ide.mcu.externaltools.gnu-tools-for-stm32.9-2020-q2-update.win32_1.5.0.202011040924/tools/bin/../lib/gcc/arm-none-eabi/9.3.1/thumb/v7e-m+fp/hard/crtbegin.o
                0x0000000020000070                . = ALIGN (0x4)

.bss            0x0000000020000070      0x140 load address 0x0000000008006a00
                0x0000000020000070                _sbss = .
                0x0000000020000070                __bss_start__ = _sbss
 *(.bss)
 .bss           0x0000000020000070       0x1c c:/st/stm32cubeide_1.4.0/stm32cubeide/plugins/com.st.stm32cube.ide.mcu.externaltools.gnu-tools-for-stm32.9-2020-q2-update.win32_1.5.0.202011040924/tools/bin/../lib/gcc/arm-none-eabi/9.3.1/thumb/v7e-m+fp/hard/crtbegin.o
 *(.bss*)
 .bss.buffer    0x000000002000008c        0x4 Core/Src/SSD1306.o
 .bss.rotation  0x0000000020000090        0x1 Core/Src/SSD1306.o
 *fill*         0x0000000020000091        0x3 
 .bss.__sbrk_heap_end
                0x0000000020000094        0x4 Core/Src/sysmem.o
 .bss.__malloc_free_list
                0x0000000020000098        0x4 c:/st/stm32cubeide_1.4.0/stm32cubeide/plugins/com.st.stm32cube.ide.mcu.externaltools.gnu-tools-for-stm32.9-2020-q2-update.win32_1.5.0.202011040924/tools/bin/../lib/gcc/arm-none-eabi/9.3.1/../../../../arm-none-eabi/lib/thumb/v7e-m+fp/hard\libc_nano.a(lib_a-nano-mallocr.o)
                0x0000000020000098                __malloc_free_list
 .bss.__malloc_sbrk_start
                0x000000002000009c        0x4 c:/st/stm32cubeide_1.4.0/stm32cubeide/plugins/com.st.stm32cube.ide.mcu.externaltools.gnu-tools-for-stm32.9-2020-q2-update.win32_1.5.0.202011040924/tools/bin/../lib/gcc/arm-none-eabi/9.3.1/../../../../arm-none-eabi/lib/thumb/v7e-m+fp/hard\libc_nano.a(lib_a-nano-mallocr.o)
                0x000000002000009c                __malloc_sbrk_start
 *(COMMON)
 COMMON         0x00000000200000a0       0x68 Core/Src/adc.o
                0x00000000200000a0                hadc1
 COMMON         0x0000000020000108       0x94 Core/Src/i2c.o
                0x0000000020000108                hdma_i2c1_tx
                0x0000000020000150                hi2c1
 COMMON         0x000000002000019c        0x4 Drivers/STM32L4xx_HAL_Driver/stm32l4xx_hal.o
                0x000000002000019c                uwTick
 COMMON         0x00000000200001a0        0x4 c:/st/stm32cubeide_1.4.0/stm32cubeide/plugins/com.st.stm32cube.ide.mcu.externaltools.gnu-tools-for-stm32.9-2020-q2-update.win32_1.5.0.202011040924/tools/bin/../lib/gcc/arm-none-eabi/9.3.1/../../../../arm-none-eabi/lib/thumb/v7e-m+fp/hard\libc_nano.a(lib_a-reent.o)
                0x00000000200001a0                errno
 COMMON         0x00000000200001a4        0x9 c:/st/stm32cubeide_1.4.0/stm32cubeide/plugins/com.st.stm32cube.ide.mcu.externaltools.gnu-tools-for-stm32.9-2020-q2-update.win32_1.5.0.202011040924/tools/bin/../lib/gcc/arm-none-eabi/9.3.1/../../../../arm-none-eabi/lib/thumb/v7e-m+fp/hard\libc_nano.a(lib_a-lock.o)
                0x00000000200001a4                __lock___atexit_recursive_mutex
                0x00000000200001a5                __lock___arc4random_mutex
                0x00000000200001a6                __lock___env_recursive_mutex
                0x00000000200001a7                __lock___sinit_recursive_mutex
                0x00000000200001a8                __lock___malloc_recursive_mutex
                0x00000000200001a9                __lock___at_quick_exit_mutex
                0x00000000200001aa                __lock___dd_hash_mutex
                0x00000000200001ab                __lock___tz_mutex
                0x00000000200001ac                __lock___sfp_recursive_mutex
                0x00000000200001b0                . = ALIGN (0x4)
 *fill*         0x00000000200001ad        0x3 
                0x00000000200001b0                _ebss = .
                0x00000000200001b0                __bss_end__ = _ebss

._user_heap_stack
                0x00000000200001b0      0x600 load address 0x0000000008006a00
                0x00000000200001b0                . = ALIGN (0x8)
                [!provide]                        PROVIDE (end = .)
                0x00000000200001b0                PROVIDE (_end = .)
                0x00000000200003b0                . = (. + _Min_Heap_Size)
 *fill*         0x00000000200001b0      0x200 
                0x00000000200007b0                . = (. + _Min_Stack_Size)
 *fill*         0x00000000200003b0      0x400 
                0x00000000200007b0                . = ALIGN (0x8)

/DISCARD/
 libc.a(*)
 libm.a(*)
 libgcc.a(*)

.ARM.attributes
                0x0000000000000000       0x30
 *(.ARM.attributes)
 .ARM.attributes
                0x0000000000000000       0x1e c:/st/stm32cubeide_1.4.0/stm32cubeide/plugins/com.st.stm32cube.ide.mcu.externaltools.gnu-tools-for-stm32.9-2020-q2-update.win32_1.5.0.202011040924/tools/bin/../lib/gcc/arm-none-eabi/9.3.1/thumb/v7e-m+fp/hard/crti.o
 .ARM.attributes
                0x000000000000001e       0x34 c:/st/stm32cubeide_1.4.0/stm32cubeide/plugins/com.st.stm32cube.ide.mcu.externaltools.gnu-tools-for-stm32.9-2020-q2-update.win32_1.5.0.202011040924/tools/bin/../lib/gcc/arm-none-eabi/9.3.1/thumb/v7e-m+fp/hard/crtbegin.o
 .ARM.attributes
                0x0000000000000052       0x34 Core/Src/GFX.o
 .ARM.attributes
                0x0000000000000086       0x34 Core/Src/SSD1306.o
 .ARM.attributes
                0x00000000000000ba       0x34 Core/Src/adc.o
 .ARM.attributes
                0x00000000000000ee       0x34 Core/Src/dma.o
 .ARM.attributes
                0x0000000000000122       0x34 Core/Src/gpio.o
 .ARM.attributes
                0x0000000000000156       0x34 Core/Src/i2c.o
 .ARM.attributes
                0x000000000000018a       0x34 Core/Src/main.o
 .ARM.attributes
                0x00000000000001be       0x34 Core/Src/stm32l4xx_hal_msp.o
 .ARM.attributes
                0x00000000000001f2       0x34 Core/Src/stm32l4xx_it.o
 .ARM.attributes
                0x0000000000000226       0x34 Core/Src/sysmem.o
 .ARM.attributes
                0x000000000000025a       0x34 Core/Src/system_stm32l4xx.o
 .ARM.attributes
                0x000000000000028e       0x21 Core/Startup/startup_stm32l4a6zgtx.o
 .ARM.attributes
                0x00000000000002af       0x34 Drivers/STM32L4xx_HAL_Driver/stm32l4xx_hal.o
 .ARM.attributes
                0x00000000000002e3       0x34 Drivers/STM32L4xx_HAL_Driver/stm32l4xx_hal_adc.o
 .ARM.attributes
                0x0000000000000317       0x34 Drivers/STM32L4xx_HAL_Driver/stm32l4xx_hal_adc_ex.o
 .ARM.attributes
                0x000000000000034b       0x34 Drivers/STM32L4xx_HAL_Driver/stm32l4xx_hal_cortex.o
 .ARM.attributes
                0x000000000000037f       0x34 Drivers/STM32L4xx_HAL_Driver/stm32l4xx_hal_dma.o
 .ARM.attributes
                0x00000000000003b3       0x34 Drivers/STM32L4xx_HAL_Driver/stm32l4xx_hal_gpio.o
 .ARM.attributes
                0x00000000000003e7       0x34 Drivers/STM32L4xx_HAL_Driver/stm32l4xx_hal_i2c.o
 .ARM.attributes
                0x000000000000041b       0x34 Drivers/STM32L4xx_HAL_Driver/stm32l4xx_hal_i2c_ex.o
 .ARM.attributes
                0x000000000000044f       0x34 Drivers/STM32L4xx_HAL_Driver/stm32l4xx_hal_pwr_ex.o
 .ARM.attributes
                0x0000000000000483       0x34 Drivers/STM32L4xx_HAL_Driver/stm32l4xx_hal_rcc.o
 .ARM.attributes
                0x00000000000004b7       0x34 Drivers/STM32L4xx_HAL_Driver/stm32l4xx_hal_rcc_ex.o
 .ARM.attributes
                0x00000000000004eb       0x34 c:/st/stm32cubeide_1.4.0/stm32cubeide/plugins/com.st.stm32cube.ide.mcu.externaltools.gnu-tools-for-stm32.9-2020-q2-update.win32_1.5.0.202011040924/tools/bin/../lib/gcc/arm-none-eabi/9.3.1/../../../../arm-none-eabi/lib/thumb/v7e-m+fp/hard\libc_nano.a(lib_a-errno.o)
 .ARM.attributes
                0x000000000000051f       0x32 c:/st/stm32cubeide_1.4.0/stm32cubeide/plugins/com.st.stm32cube.ide.mcu.externaltools.gnu-tools-for-stm32.9-2020-q2-update.win32_1.5.0.202011040924/tools/bin/../lib/gcc/arm-none-eabi/9.3.1/../../../../arm-none-eabi/lib/thumb/v7e-m+fp/hard\libc_nano.a(lib_a-impure.o)
 .ARM.attributes
                0x0000000000000551       0x34 c:/st/stm32cubeide_1.4.0/stm32cubeide/plugins/com.st.stm32cube.ide.mcu.externaltools.gnu-tools-for-stm32.9-2020-q2-update.win32_1.5.0.202011040924/tools/bin/../lib/gcc/arm-none-eabi/9.3.1/../../../../arm-none-eabi/lib/thumb/v7e-m+fp/hard\libc_nano.a(lib_a-init.o)
 .ARM.attributes
                0x0000000000000585       0x34 c:/st/stm32cubeide_1.4.0/stm32cubeide/plugins/com.st.stm32cube.ide.mcu.externaltools.gnu-tools-for-stm32.9-2020-q2-update.win32_1.5.0.202011040924/tools/bin/../lib/gcc/arm-none-eabi/9.3.1/../../../../arm-none-eabi/lib/thumb/v7e-m+fp/hard\libc_nano.a(lib_a-malloc.o)
 .ARM.attributes
                0x00000000000005b9       0x34 c:/st/stm32cubeide_1.4.0/stm32cubeide/plugins/com.st.stm32cube.ide.mcu.externaltools.gnu-tools-for-stm32.9-2020-q2-update.win32_1.5.0.202011040924/tools/bin/../lib/gcc/arm-none-eabi/9.3.1/../../../../arm-none-eabi/lib/thumb/v7e-m+fp/hard\libc_nano.a(lib_a-memset.o)
 .ARM.attributes
                0x00000000000005ed       0x34 c:/st/stm32cubeide_1.4.0/stm32cubeide/plugins/com.st.stm32cube.ide.mcu.externaltools.gnu-tools-for-stm32.9-2020-q2-update.win32_1.5.0.202011040924/tools/bin/../lib/gcc/arm-none-eabi/9.3.1/../../../../arm-none-eabi/lib/thumb/v7e-m+fp/hard\libc_nano.a(lib_a-nano-mallocr.o)
 .ARM.attributes
                0x0000000000000621       0x34 c:/st/stm32cubeide_1.4.0/stm32cubeide/plugins/com.st.stm32cube.ide.mcu.externaltools.gnu-tools-for-stm32.9-2020-q2-update.win32_1.5.0.202011040924/tools/bin/../lib/gcc/arm-none-eabi/9.3.1/../../../../arm-none-eabi/lib/thumb/v7e-m+fp/hard\libc_nano.a(lib_a-sbrkr.o)
 .ARM.attributes
                0x0000000000000655       0x34 c:/st/stm32cubeide_1.4.0/stm32cubeide/plugins/com.st.stm32cube.ide.mcu.externaltools.gnu-tools-for-stm32.9-2020-q2-update.win32_1.5.0.202011040924/tools/bin/../lib/gcc/arm-none-eabi/9.3.1/../../../../arm-none-eabi/lib/thumb/v7e-m+fp/hard\libc_nano.a(lib_a-mlock.o)
 .ARM.attributes
                0x0000000000000689       0x34 c:/st/stm32cubeide_1.4.0/stm32cubeide/plugins/com.st.stm32cube.ide.mcu.externaltools.gnu-tools-for-stm32.9-2020-q2-update.win32_1.5.0.202011040924/tools/bin/../lib/gcc/arm-none-eabi/9.3.1/../../../../arm-none-eabi/lib/thumb/v7e-m+fp/hard\libc_nano.a(lib_a-reent.o)
 .ARM.attributes
                0x00000000000006bd       0x34 c:/st/stm32cubeide_1.4.0/stm32cubeide/plugins/com.st.stm32cube.ide.mcu.externaltools.gnu-tools-for-stm32.9-2020-q2-update.win32_1.5.0.202011040924/tools/bin/../lib/gcc/arm-none-eabi/9.3.1/../../../../arm-none-eabi/lib/thumb/v7e-m+fp/hard\libc_nano.a(lib_a-lock.o)
 .ARM.attributes
                0x00000000000006f1       0x1e c:/st/stm32cubeide_1.4.0/stm32cubeide/plugins/com.st.stm32cube.ide.mcu.externaltools.gnu-tools-for-stm32.9-2020-q2-update.win32_1.5.0.202011040924/tools/bin/../lib/gcc/arm-none-eabi/9.3.1/thumb/v7e-m+fp/hard/crtn.o
OUTPUT(Stacja_pogoda.elf elf32-littlearm)
LOAD linker stubs
LOAD c:/st/stm32cubeide_1.4.0/stm32cubeide/plugins/com.st.stm32cube.ide.mcu.externaltools.gnu-tools-for-stm32.9-2020-q2-update.win32_1.5.0.202011040924/tools/bin/../lib/gcc/arm-none-eabi/9.3.1/../../../../arm-none-eabi/lib/thumb/v7e-m+fp/hard\libc.a
LOAD c:/st/stm32cubeide_1.4.0/stm32cubeide/plugins/com.st.stm32cube.ide.mcu.externaltools.gnu-tools-for-stm32.9-2020-q2-update.win32_1.5.0.202011040924/tools/bin/../lib/gcc/arm-none-eabi/9.3.1/../../../../arm-none-eabi/lib/thumb/v7e-m+fp/hard\libm.a
LOAD c:/st/stm32cubeide_1.4.0/stm32cubeide/plugins/com.st.stm32cube.ide.mcu.externaltools.gnu-tools-for-stm32.9-2020-q2-update.win32_1.5.0.202011040924/tools/bin/../lib/gcc/arm-none-eabi/9.3.1/thumb/v7e-m+fp/hard\libgcc.a

.debug_info     0x0000000000000000    0x150a4
 .debug_info    0x0000000000000000      0xb49 Core/Src/GFX.o
 .debug_info    0x0000000000000b49     0x16a2 Core/Src/SSD1306.o
 .debug_info    0x00000000000021eb      0xcce Core/Src/adc.o
 .debug_info    0x0000000000002eb9      0x7ab Core/Src/dma.o
 .debug_info    0x0000000000003664      0x70a Core/Src/gpio.o
 .debug_info    0x0000000000003d6e      0xea7 Core/Src/i2c.o
 .debug_info    0x0000000000004c15     0x1941 Core/Src/main.o
 .debug_info    0x0000000000006556      0x561 Core/Src/stm32l4xx_hal_msp.o
 .debug_info    0x0000000000006ab7      0x8f2 Core/Src/stm32l4xx_it.o
 .debug_info    0x00000000000073a9      0xa25 Core/Src/sysmem.o
 .debug_info    0x0000000000007dce      0x795 Core/Src/system_stm32l4xx.o
 .debug_info    0x0000000000008563       0x22 Core/Startup/startup_stm32l4a6zgtx.o
 .debug_info    0x0000000000008585      0xd1f Drivers/STM32L4xx_HAL_Driver/stm32l4xx_hal.o
 .debug_info    0x00000000000092a4     0x1fe3 Drivers/STM32L4xx_HAL_Driver/stm32l4xx_hal_adc.o
 .debug_info    0x000000000000b287     0x1d55 Drivers/STM32L4xx_HAL_Driver/stm32l4xx_hal_adc_ex.o
 .debug_info    0x000000000000cfdc     0x106a Drivers/STM32L4xx_HAL_Driver/stm32l4xx_hal_cortex.o
 .debug_info    0x000000000000e046      0x973 Drivers/STM32L4xx_HAL_Driver/stm32l4xx_hal_dma.o
 .debug_info    0x000000000000e9b9      0xa7b Drivers/STM32L4xx_HAL_Driver/stm32l4xx_hal_gpio.o
 .debug_info    0x000000000000f434     0x22fd Drivers/STM32L4xx_HAL_Driver/stm32l4xx_hal_i2c.o
 .debug_info    0x0000000000011731      0xc53 Drivers/STM32L4xx_HAL_Driver/stm32l4xx_hal_i2c_ex.o
 .debug_info    0x0000000000012384      0xbf6 Drivers/STM32L4xx_HAL_Driver/stm32l4xx_hal_pwr_ex.o
 .debug_info    0x0000000000012f7a      0xe35 Drivers/STM32L4xx_HAL_Driver/stm32l4xx_hal_rcc.o
 .debug_info    0x0000000000013daf     0x12f5 Drivers/STM32L4xx_HAL_Driver/stm32l4xx_hal_rcc_ex.o

.debug_abbrev   0x0000000000000000     0x2d28
 .debug_abbrev  0x0000000000000000      0x206 Core/Src/GFX.o
 .debug_abbrev  0x0000000000000206      0x367 Core/Src/SSD1306.o
 .debug_abbrev  0x000000000000056d      0x1b0 Core/Src/adc.o
 .debug_abbrev  0x000000000000071d      0x13b Core/Src/dma.o
 .debug_abbrev  0x0000000000000858      0x14e Core/Src/gpio.o
 .debug_abbrev  0x00000000000009a6      0x1e2 Core/Src/i2c.o
 .debug_abbrev  0x0000000000000b88      0x23c Core/Src/main.o
 .debug_abbrev  0x0000000000000dc4      0x13d Core/Src/stm32l4xx_hal_msp.o
 .debug_abbrev  0x0000000000000f01      0x16e Core/Src/stm32l4xx_it.o
 .debug_abbrev  0x000000000000106f      0x1bf Core/Src/sysmem.o
 .debug_abbrev  0x000000000000122e      0x165 Core/Src/system_stm32l4xx.o
 .debug_abbrev  0x0000000000001393       0x12 Core/Startup/startup_stm32l4a6zgtx.o
 .debug_abbrev  0x00000000000013a5      0x227 Drivers/STM32L4xx_HAL_Driver/stm32l4xx_hal.o
 .debug_abbrev  0x00000000000015cc      0x288 Drivers/STM32L4xx_HAL_Driver/stm32l4xx_hal_adc.o
 .debug_abbrev  0x0000000000001854      0x2ac Drivers/STM32L4xx_HAL_Driver/stm32l4xx_hal_adc_ex.o
 .debug_abbrev  0x0000000000001b00      0x33c Drivers/STM32L4xx_HAL_Driver/stm32l4xx_hal_cortex.o
 .debug_abbrev  0x0000000000001e3c      0x201 Drivers/STM32L4xx_HAL_Driver/stm32l4xx_hal_dma.o
 .debug_abbrev  0x000000000000203d      0x1e8 Drivers/STM32L4xx_HAL_Driver/stm32l4xx_hal_gpio.o
 .debug_abbrev  0x0000000000002225      0x256 Drivers/STM32L4xx_HAL_Driver/stm32l4xx_hal_i2c.o
 .debug_abbrev  0x000000000000247b      0x1dd Drivers/STM32L4xx_HAL_Driver/stm32l4xx_hal_i2c_ex.o
 .debug_abbrev  0x0000000000002658      0x1f3 Drivers/STM32L4xx_HAL_Driver/stm32l4xx_hal_pwr_ex.o
 .debug_abbrev  0x000000000000284b      0x275 Drivers/STM32L4xx_HAL_Driver/stm32l4xx_hal_rcc.o
 .debug_abbrev  0x0000000000002ac0      0x268 Drivers/STM32L4xx_HAL_Driver/stm32l4xx_hal_rcc_ex.o

.debug_aranges  0x0000000000000000      0xf78
 .debug_aranges
                0x0000000000000000       0x30 Core/Src/GFX.o
 .debug_aranges
                0x0000000000000030       0xc8 Core/Src/SSD1306.o
 .debug_aranges
                0x00000000000000f8       0x30 Core/Src/adc.o
 .debug_aranges
                0x0000000000000128       0x20 Core/Src/dma.o
 .debug_aranges
                0x0000000000000148       0x20 Core/Src/gpio.o
 .debug_aranges
                0x0000000000000168       0x30 Core/Src/i2c.o
 .debug_aranges
                0x0000000000000198       0x30 Core/Src/main.o
 .debug_aranges
                0x00000000000001c8       0x20 Core/Src/stm32l4xx_hal_msp.o
 .debug_aranges
                0x00000000000001e8       0x70 Core/Src/stm32l4xx_it.o
 .debug_aranges
                0x0000000000000258       0x20 Core/Src/sysmem.o
 .debug_aranges
                0x0000000000000278       0x28 Core/Src/system_stm32l4xx.o
 .debug_aranges
                0x00000000000002a0       0x28 Core/Startup/startup_stm32l4a6zgtx.o
 .debug_aranges
                0x00000000000002c8      0x130 Drivers/STM32L4xx_HAL_Driver/stm32l4xx_hal.o
 .debug_aranges
                0x00000000000003f8      0x228 Drivers/STM32L4xx_HAL_Driver/stm32l4xx_hal_adc.o
 .debug_aranges
                0x0000000000000620      0x1b0 Drivers/STM32L4xx_HAL_Driver/stm32l4xx_hal_adc_ex.o
 .debug_aranges
                0x00000000000007d0      0x118 Drivers/STM32L4xx_HAL_Driver/stm32l4xx_hal_cortex.o
 .debug_aranges
                0x00000000000008e8       0x80 Drivers/STM32L4xx_HAL_Driver/stm32l4xx_hal_dma.o
 .debug_aranges
                0x0000000000000968       0x58 Drivers/STM32L4xx_HAL_Driver/stm32l4xx_hal_gpio.o
 .debug_aranges
                0x00000000000009c0      0x290 Drivers/STM32L4xx_HAL_Driver/stm32l4xx_hal_i2c.o
 .debug_aranges
                0x0000000000000c50       0x48 Drivers/STM32L4xx_HAL_Driver/stm32l4xx_hal_i2c_ex.o
 .debug_aranges
                0x0000000000000c98      0x150 Drivers/STM32L4xx_HAL_Driver/stm32l4xx_hal_pwr_ex.o
 .debug_aranges
                0x0000000000000de8       0x88 Drivers/STM32L4xx_HAL_Driver/stm32l4xx_hal_rcc.o
 .debug_aranges
                0x0000000000000e70      0x108 Drivers/STM32L4xx_HAL_Driver/stm32l4xx_hal_rcc_ex.o

.debug_ranges   0x0000000000000000      0xe10
 .debug_ranges  0x0000000000000000       0x20 Core/Src/GFX.o
 .debug_ranges  0x0000000000000020       0xb8 Core/Src/SSD1306.o
 .debug_ranges  0x00000000000000d8       0x20 Core/Src/adc.o
 .debug_ranges  0x00000000000000f8       0x10 Core/Src/dma.o
 .debug_ranges  0x0000000000000108       0x10 Core/Src/gpio.o
 .debug_ranges  0x0000000000000118       0x20 Core/Src/i2c.o
 .debug_ranges  0x0000000000000138       0x20 Core/Src/main.o
 .debug_ranges  0x0000000000000158       0x10 Core/Src/stm32l4xx_hal_msp.o
 .debug_ranges  0x0000000000000168       0x60 Core/Src/stm32l4xx_it.o
 .debug_ranges  0x00000000000001c8       0x10 Core/Src/sysmem.o
 .debug_ranges  0x00000000000001d8       0x18 Core/Src/system_stm32l4xx.o
 .debug_ranges  0x00000000000001f0       0x20 Core/Startup/startup_stm32l4a6zgtx.o
 .debug_ranges  0x0000000000000210      0x120 Drivers/STM32L4xx_HAL_Driver/stm32l4xx_hal.o
 .debug_ranges  0x0000000000000330      0x218 Drivers/STM32L4xx_HAL_Driver/stm32l4xx_hal_adc.o
 .debug_ranges  0x0000000000000548      0x1a0 Drivers/STM32L4xx_HAL_Driver/stm32l4xx_hal_adc_ex.o
 .debug_ranges  0x00000000000006e8      0x108 Drivers/STM32L4xx_HAL_Driver/stm32l4xx_hal_cortex.o
 .debug_ranges  0x00000000000007f0       0x70 Drivers/STM32L4xx_HAL_Driver/stm32l4xx_hal_dma.o
 .debug_ranges  0x0000000000000860       0x48 Drivers/STM32L4xx_HAL_Driver/stm32l4xx_hal_gpio.o
 .debug_ranges  0x00000000000008a8      0x280 Drivers/STM32L4xx_HAL_Driver/stm32l4xx_hal_i2c.o
 .debug_ranges  0x0000000000000b28       0x38 Drivers/STM32L4xx_HAL_Driver/stm32l4xx_hal_i2c_ex.o
 .debug_ranges  0x0000000000000b60      0x140 Drivers/STM32L4xx_HAL_Driver/stm32l4xx_hal_pwr_ex.o
 .debug_ranges  0x0000000000000ca0       0x78 Drivers/STM32L4xx_HAL_Driver/stm32l4xx_hal_rcc.o
 .debug_ranges  0x0000000000000d18       0xf8 Drivers/STM32L4xx_HAL_Driver/stm32l4xx_hal_rcc_ex.o

.debug_macro    0x0000000000000000    0x2ba7d
 .debug_macro   0x0000000000000000      0x195 Core/Src/GFX.o
 .debug_macro   0x0000000000000195      0xaa8 Core/Src/GFX.o
 .debug_macro   0x0000000000000c3d       0x22 Core/Src/GFX.o
 .debug_macro   0x0000000000000c5f       0x8e Core/Src/GFX.o
 .debug_macro   0x0000000000000ced       0x51 Core/Src/GFX.o
 .debug_macro   0x0000000000000d3e      0x103 Core/Src/GFX.o
 .debug_macro   0x0000000000000e41       0x6a Core/Src/GFX.o
 .debug_macro   0x0000000000000eab      0x1df Core/Src/GFX.o
 .debug_macro   0x000000000000108a       0x22 Core/Src/GFX.o
 .debug_macro   0x00000000000010ac       0x18 Core/Src/GFX.o
 .debug_macro   0x00000000000010c4       0x52 Core/Src/GFX.o
 .debug_macro   0x0000000000001116       0x3c Core/Src/GFX.o
 .debug_macro   0x0000000000001152       0x34 Core/Src/GFX.o
 .debug_macro   0x0000000000001186       0x16 Core/Src/GFX.o
 .debug_macro   0x000000000000119c      0x10e Core/Src/GFX.o
 .debug_macro   0x00000000000012aa       0x8d Core/Src/GFX.o
 .debug_macro   0x0000000000001337       0x16 Core/Src/GFX.o
 .debug_macro   0x000000000000134d       0x43 Core/Src/GFX.o
 .debug_macro   0x0000000000001390       0x34 Core/Src/GFX.o
 .debug_macro   0x00000000000013c4       0x10 Core/Src/GFX.o
 .debug_macro   0x00000000000013d4       0x58 Core/Src/GFX.o
 .debug_macro   0x000000000000142c       0x71 Core/Src/GFX.o
 .debug_macro   0x000000000000149d       0x1c Core/Src/GFX.o
 .debug_macro   0x00000000000014b9      0x12a Core/Src/GFX.o
 .debug_macro   0x00000000000015e3      0x339 Core/Src/GFX.o
 .debug_macro   0x000000000000191c       0x16 Core/Src/GFX.o
 .debug_macro   0x0000000000001932       0x29 Core/Src/GFX.o
 .debug_macro   0x000000000000195b       0x16 Core/Src/GFX.o
 .debug_macro   0x0000000000001971       0x35 Core/Src/GFX.o
 .debug_macro   0x00000000000019a6       0x20 Core/Src/GFX.o
 .debug_macro   0x00000000000019c6      0x118 Core/Src/GFX.o
 .debug_macro   0x0000000000001ade       0x10 Core/Src/GFX.o
 .debug_macro   0x0000000000001aee      0x311 Core/Src/SSD1306.o
 .debug_macro   0x0000000000001dff      0x1a7 Core/Src/SSD1306.o
 .debug_macro   0x0000000000001fa6       0x2e Core/Src/SSD1306.o
 .debug_macro   0x0000000000001fd4       0x28 Core/Src/SSD1306.o
 .debug_macro   0x0000000000001ffc       0x1c Core/Src/SSD1306.o
 .debug_macro   0x0000000000002018       0x22 Core/Src/SSD1306.o
 .debug_macro   0x000000000000203a       0xfb Core/Src/SSD1306.o
 .debug_macro   0x0000000000002135     0x1011 Core/Src/SSD1306.o
 .debug_macro   0x0000000000003146      0x11f Core/Src/SSD1306.o
 .debug_macro   0x0000000000003265    0x1c8b0 Core/Src/SSD1306.o
 .debug_macro   0x000000000001fb15       0x43 Core/Src/SSD1306.o
 .debug_macro   0x000000000001fb58     0x3897 Core/Src/SSD1306.o
 .debug_macro   0x00000000000233ef       0x56 Core/Src/SSD1306.o
 .debug_macro   0x0000000000023445     0x18ca Core/Src/SSD1306.o
 .debug_macro   0x0000000000024d0f      0x76c Core/Src/SSD1306.o
 .debug_macro   0x000000000002547b      0x13d Core/Src/SSD1306.o
 .debug_macro   0x00000000000255b8      0x202 Core/Src/SSD1306.o
 .debug_macro   0x00000000000257ba      0x26b Core/Src/SSD1306.o
 .debug_macro   0x0000000000025a25      0x23d Core/Src/SSD1306.o
 .debug_macro   0x0000000000025c62      0xf9f Core/Src/SSD1306.o
 .debug_macro   0x0000000000026c01      0x639 Core/Src/SSD1306.o
 .debug_macro   0x000000000002723a      0x31a Core/Src/SSD1306.o
 .debug_macro   0x0000000000027554      0x241 Core/Src/SSD1306.o
 .debug_macro   0x0000000000027795      0x3ad Core/Src/SSD1306.o
 .debug_macro   0x0000000000027b42       0xe4 Core/Src/SSD1306.o
 .debug_macro   0x0000000000027c26      0x22c Core/Src/SSD1306.o
 .debug_macro   0x0000000000027e52       0x61 Core/Src/SSD1306.o
 .debug_macro   0x0000000000027eb3       0xa5 Core/Src/SSD1306.o
 .debug_macro   0x0000000000027f58      0x122 Core/Src/SSD1306.o
 .debug_macro   0x000000000002807a      0x3f0 Core/Src/SSD1306.o
 .debug_macro   0x000000000002846a      0x434 Core/Src/SSD1306.o
 .debug_macro   0x000000000002889e       0xb8 Core/Src/SSD1306.o
 .debug_macro   0x0000000000028956      0x1ed Core/Src/adc.o
 .debug_macro   0x0000000000028b43      0x101 Core/Src/adc.o
 .debug_macro   0x0000000000028c44      0x174 Core/Src/adc.o
 .debug_macro   0x0000000000028db8       0x5c Core/Src/adc.o
 .debug_macro   0x0000000000028e14      0x1ed Core/Src/dma.o
 .debug_macro   0x0000000000029001      0x1ed Core/Src/gpio.o
 .debug_macro   0x00000000000291ee      0x1ed Core/Src/i2c.o
 .debug_macro   0x00000000000293db      0x340 Core/Src/main.o
 .debug_macro   0x000000000002971b      0x333 Core/Src/main.o
 .debug_macro   0x0000000000029a4e      0x118 Core/Src/main.o
 .debug_macro   0x0000000000029b66      0x1e3 Core/Src/stm32l4xx_hal_msp.o
 .debug_macro   0x0000000000029d49      0x1ed Core/Src/stm32l4xx_it.o
 .debug_macro   0x0000000000029f36       0xff Core/Src/sysmem.o
 .debug_macro   0x000000000002a035      0x23b Core/Src/sysmem.o
 .debug_macro   0x000000000002a270      0x1d4 Core/Src/system_stm32l4xx.o
 .debug_macro   0x000000000002a444      0x222 Drivers/STM32L4xx_HAL_Driver/stm32l4xx_hal.o
 .debug_macro   0x000000000002a666      0x1f1 Drivers/STM32L4xx_HAL_Driver/stm32l4xx_hal_adc.o
 .debug_macro   0x000000000002a857      0x1e0 Drivers/STM32L4xx_HAL_Driver/stm32l4xx_hal_adc_ex.o
 .debug_macro   0x000000000002aa37      0x1d4 Drivers/STM32L4xx_HAL_Driver/stm32l4xx_hal_cortex.o
 .debug_macro   0x000000000002ac0b      0x1d4 Drivers/STM32L4xx_HAL_Driver/stm32l4xx_hal_dma.o
 .debug_macro   0x000000000002addf      0x213 Drivers/STM32L4xx_HAL_Driver/stm32l4xx_hal_gpio.o
 .debug_macro   0x000000000002aff2      0x299 Drivers/STM32L4xx_HAL_Driver/stm32l4xx_hal_i2c.o
 .debug_macro   0x000000000002b28b      0x1d4 Drivers/STM32L4xx_HAL_Driver/stm32l4xx_hal_i2c_ex.o
 .debug_macro   0x000000000002b45f      0x1fe Drivers/STM32L4xx_HAL_Driver/stm32l4xx_hal_pwr_ex.o
 .debug_macro   0x000000000002b65d      0x216 Drivers/STM32L4xx_HAL_Driver/stm32l4xx_hal_rcc.o
 .debug_macro   0x000000000002b873      0x20a Drivers/STM32L4xx_HAL_Driver/stm32l4xx_hal_rcc_ex.o

.debug_line     0x0000000000000000    0x13faf
 .debug_line    0x0000000000000000      0x6b1 Core/Src/GFX.o
 .debug_line    0x00000000000006b1      0xf21 Core/Src/SSD1306.o
 .debug_line    0x00000000000015d2      0x853 Core/Src/adc.o
 .debug_line    0x0000000000001e25      0x7bf Core/Src/dma.o
 .debug_line    0x00000000000025e4      0x827 Core/Src/gpio.o
 .debug_line    0x0000000000002e0b      0x869 Core/Src/i2c.o
 .debug_line    0x0000000000003674      0xa59 Core/Src/main.o
 .debug_line    0x00000000000040cd      0x7c4 Core/Src/stm32l4xx_hal_msp.o
 .debug_line    0x0000000000004891      0x8b6 Core/Src/stm32l4xx_it.o
 .debug_line    0x0000000000005147      0x4f8 Core/Src/sysmem.o
 .debug_line    0x000000000000563f      0x874 Core/Src/system_stm32l4xx.o
 .debug_line    0x0000000000005eb3       0x87 Core/Startup/startup_stm32l4a6zgtx.o
 .debug_line    0x0000000000005f3a      0xbed Drivers/STM32L4xx_HAL_Driver/stm32l4xx_hal.o
 .debug_line    0x0000000000006b27     0x1f51 Drivers/STM32L4xx_HAL_Driver/stm32l4xx_hal_adc.o
 .debug_line    0x0000000000008a78     0x1990 Drivers/STM32L4xx_HAL_Driver/stm32l4xx_hal_adc_ex.o
 .debug_line    0x000000000000a408      0xd94 Drivers/STM32L4xx_HAL_Driver/stm32l4xx_hal_cortex.o
 .debug_line    0x000000000000b19c      0xdcc Drivers/STM32L4xx_HAL_Driver/stm32l4xx_hal_dma.o
 .debug_line    0x000000000000bf68      0xc4d Drivers/STM32L4xx_HAL_Driver/stm32l4xx_hal_gpio.o
 .debug_line    0x000000000000cbb5     0x33be Drivers/STM32L4xx_HAL_Driver/stm32l4xx_hal_i2c.o
 .debug_line    0x000000000000ff73      0xa1b Drivers/STM32L4xx_HAL_Driver/stm32l4xx_hal_i2c_ex.o
 .debug_line    0x000000000001098e      0xdb3 Drivers/STM32L4xx_HAL_Driver/stm32l4xx_hal_pwr_ex.o
 .debug_line    0x0000000000011741     0x1079 Drivers/STM32L4xx_HAL_Driver/stm32l4xx_hal_rcc.o
 .debug_line    0x00000000000127ba     0x17f5 Drivers/STM32L4xx_HAL_Driver/stm32l4xx_hal_rcc_ex.o

.debug_str      0x0000000000000000   0x10970b
 .debug_str     0x0000000000000000     0x768d Core/Src/GFX.o
                                       0x791c (size before relaxing)
 .debug_str     0x000000000000768d    0xfce56 Core/Src/SSD1306.o
                                     0x104a61 (size before relaxing)
 .debug_str     0x00000000001044e3      0x42b Core/Src/adc.o
                                     0x101182 (size before relaxing)
 .debug_str     0x000000000010490e      0x4cd Core/Src/dma.o
                                     0x1011ce (size before relaxing)
 .debug_str     0x0000000000104ddb       0xa4 Core/Src/gpio.o
                                     0x100d10 (size before relaxing)
 .debug_str     0x0000000000104e7f       0x58 Core/Src/i2c.o
                                     0x101705 (size before relaxing)
 .debug_str     0x0000000000104ed7      0x3f8 Core/Src/main.o
                                     0x104f06 (size before relaxing)
 .debug_str     0x00000000001052cf       0x2c Core/Src/stm32l4xx_hal_msp.o
                                     0x100c73 (size before relaxing)
 .debug_str     0x00000000001052fb       0xe9 Core/Src/stm32l4xx_it.o
                                     0x101075 (size before relaxing)
 .debug_str     0x00000000001053e4      0x4e9 Core/Src/sysmem.o
                                       0x62b1 (size before relaxing)
 .debug_str     0x00000000001058cd       0xb8 Core/Src/system_stm32l4xx.o
                                     0x100a38 (size before relaxing)
 .debug_str     0x0000000000105985       0x36 Core/Startup/startup_stm32l4a6zgtx.o
                                         0x82 (size before relaxing)
 .debug_str     0x00000000001059bb      0x5e8 Drivers/STM32L4xx_HAL_Driver/stm32l4xx_hal.o
                                     0x1015f4 (size before relaxing)
 .debug_str     0x0000000000105fa3      0xa45 Drivers/STM32L4xx_HAL_Driver/stm32l4xx_hal_adc.o
                                     0x10181b (size before relaxing)
 .debug_str     0x00000000001069e8      0x73f Drivers/STM32L4xx_HAL_Driver/stm32l4xx_hal_adc_ex.o
                                     0x1017fe (size before relaxing)
 .debug_str     0x0000000000107127      0x3c3 Drivers/STM32L4xx_HAL_Driver/stm32l4xx_hal_cortex.o
                                     0x101351 (size before relaxing)
 .debug_str     0x00000000001074ea      0x292 Drivers/STM32L4xx_HAL_Driver/stm32l4xx_hal_dma.o
                                     0x100cd8 (size before relaxing)
 .debug_str     0x000000000010777c      0x270 Drivers/STM32L4xx_HAL_Driver/stm32l4xx_hal_gpio.o
                                     0x100d0d (size before relaxing)
 .debug_str     0x00000000001079ec      0xd7d Drivers/STM32L4xx_HAL_Driver/stm32l4xx_hal_i2c.o
                                     0x101b91 (size before relaxing)
 .debug_str     0x0000000000108769       0xf2 Drivers/STM32L4xx_HAL_Driver/stm32l4xx_hal_i2c_ex.o
                                     0x100f9c (size before relaxing)
 .debug_str     0x000000000010885b      0x51a Drivers/STM32L4xx_HAL_Driver/stm32l4xx_hal_pwr_ex.o
                                     0x100fd7 (size before relaxing)
 .debug_str     0x0000000000108d75      0x3e4 Drivers/STM32L4xx_HAL_Driver/stm32l4xx_hal_rcc.o
                                     0x101056 (size before relaxing)
 .debug_str     0x0000000000109159      0x5b2 Drivers/STM32L4xx_HAL_Driver/stm32l4xx_hal_rcc_ex.o
                                     0x101409 (size before relaxing)

.comment        0x0000000000000000       0x53
 .comment       0x0000000000000000       0x53 Core/Src/GFX.o
                                         0x54 (size before relaxing)
 .comment       0x0000000000000053       0x54 Core/Src/SSD1306.o
 .comment       0x0000000000000053       0x54 Core/Src/adc.o
 .comment       0x0000000000000053       0x54 Core/Src/dma.o
 .comment       0x0000000000000053       0x54 Core/Src/gpio.o
 .comment       0x0000000000000053       0x54 Core/Src/i2c.o
 .comment       0x0000000000000053       0x54 Core/Src/main.o
 .comment       0x0000000000000053       0x54 Core/Src/stm32l4xx_hal_msp.o
 .comment       0x0000000000000053       0x54 Core/Src/stm32l4xx_it.o
 .comment       0x0000000000000053       0x54 Core/Src/sysmem.o
 .comment       0x0000000000000053       0x54 Core/Src/system_stm32l4xx.o
 .comment       0x0000000000000053       0x54 Drivers/STM32L4xx_HAL_Driver/stm32l4xx_hal.o
 .comment       0x0000000000000053       0x54 Drivers/STM32L4xx_HAL_Driver/stm32l4xx_hal_adc.o
 .comment       0x0000000000000053       0x54 Drivers/STM32L4xx_HAL_Driver/stm32l4xx_hal_adc_ex.o
 .comment       0x0000000000000053       0x54 Drivers/STM32L4xx_HAL_Driver/stm32l4xx_hal_cortex.o
 .comment       0x0000000000000053       0x54 Drivers/STM32L4xx_HAL_Driver/stm32l4xx_hal_dma.o
 .comment       0x0000000000000053       0x54 Drivers/STM32L4xx_HAL_Driver/stm32l4xx_hal_gpio.o
 .comment       0x0000000000000053       0x54 Drivers/STM32L4xx_HAL_Driver/stm32l4xx_hal_i2c.o
 .comment       0x0000000000000053       0x54 Drivers/STM32L4xx_HAL_Driver/stm32l4xx_hal_i2c_ex.o
 .comment       0x0000000000000053       0x54 Drivers/STM32L4xx_HAL_Driver/stm32l4xx_hal_pwr_ex.o
 .comment       0x0000000000000053       0x54 Drivers/STM32L4xx_HAL_Driver/stm32l4xx_hal_rcc.o
 .comment       0x0000000000000053       0x54 Drivers/STM32L4xx_HAL_Driver/stm32l4xx_hal_rcc_ex.o

.debug_frame    0x0000000000000000     0x4090
 .debug_frame   0x0000000000000000       0x88 Core/Src/GFX.o
 .debug_frame   0x0000000000000088      0x330 Core/Src/SSD1306.o
 .debug_frame   0x00000000000003b8       0x84 Core/Src/adc.o
 .debug_frame   0x000000000000043c       0x34 Core/Src/dma.o
 .debug_frame   0x0000000000000470       0x34 Core/Src/gpio.o
 .debug_frame   0x00000000000004a4       0x74 Core/Src/i2c.o
 .debug_frame   0x0000000000000518       0x70 Core/Src/main.o
 .debug_frame   0x0000000000000588       0x38 Core/Src/stm32l4xx_hal_msp.o
 .debug_frame   0x00000000000005c0      0x13c Core/Src/stm32l4xx_it.o
 .debug_frame   0x00000000000006fc       0x34 Core/Src/sysmem.o
 .debug_frame   0x0000000000000730       0x58 Core/Src/system_stm32l4xx.o
 .debug_frame   0x0000000000000788      0x498 Drivers/STM32L4xx_HAL_Driver/stm32l4xx_hal.o
 .debug_frame   0x0000000000000c20      0xa2c Drivers/STM32L4xx_HAL_Driver/stm32l4xx_hal_adc.o
 .debug_frame   0x000000000000164c      0x7cc Drivers/STM32L4xx_HAL_Driver/stm32l4xx_hal_adc_ex.o
 .debug_frame   0x0000000000001e18      0x498 Drivers/STM32L4xx_HAL_Driver/stm32l4xx_hal_cortex.o
 .debug_frame   0x00000000000022b0      0x204 Drivers/STM32L4xx_HAL_Driver/stm32l4xx_hal_dma.o
 .debug_frame   0x00000000000024b4      0x14c Drivers/STM32L4xx_HAL_Driver/stm32l4xx_hal_gpio.o
 .debug_frame   0x0000000000002600      0xbe8 Drivers/STM32L4xx_HAL_Driver/stm32l4xx_hal_i2c.o
 .debug_frame   0x00000000000031e8      0x100 Drivers/STM32L4xx_HAL_Driver/stm32l4xx_hal_i2c_ex.o
 .debug_frame   0x00000000000032e8      0x544 Drivers/STM32L4xx_HAL_Driver/stm32l4xx_hal_pwr_ex.o
 .debug_frame   0x000000000000382c      0x1f4 Drivers/STM32L4xx_HAL_Driver/stm32l4xx_hal_rcc.o
 .debug_frame   0x0000000000003a20      0x43c Drivers/STM32L4xx_HAL_Driver/stm32l4xx_hal_rcc_ex.o
 .debug_frame   0x0000000000003e5c       0x20 c:/st/stm32cubeide_1.4.0/stm32cubeide/plugins/com.st.stm32cube.ide.mcu.externaltools.gnu-tools-for-stm32.9-2020-q2-update.win32_1.5.0.202011040924/tools/bin/../lib/gcc/arm-none-eabi/9.3.1/../../../../arm-none-eabi/lib/thumb/v7e-m+fp/hard\libc_nano.a(lib_a-errno.o)
 .debug_frame   0x0000000000003e7c       0x2c c:/st/stm32cubeide_1.4.0/stm32cubeide/plugins/com.st.stm32cube.ide.mcu.externaltools.gnu-tools-for-stm32.9-2020-q2-update.win32_1.5.0.202011040924/tools/bin/../lib/gcc/arm-none-eabi/9.3.1/../../../../arm-none-eabi/lib/thumb/v7e-m+fp/hard\libc_nano.a(lib_a-init.o)
 .debug_frame   0x0000000000003ea8       0x30 c:/st/stm32cubeide_1.4.0/stm32cubeide/plugins/com.st.stm32cube.ide.mcu.externaltools.gnu-tools-for-stm32.9-2020-q2-update.win32_1.5.0.202011040924/tools/bin/../lib/gcc/arm-none-eabi/9.3.1/../../../../arm-none-eabi/lib/thumb/v7e-m+fp/hard\libc_nano.a(lib_a-malloc.o)
 .debug_frame   0x0000000000003ed8       0x20 c:/st/stm32cubeide_1.4.0/stm32cubeide/plugins/com.st.stm32cube.ide.mcu.externaltools.gnu-tools-for-stm32.9-2020-q2-update.win32_1.5.0.202011040924/tools/bin/../lib/gcc/arm-none-eabi/9.3.1/../../../../arm-none-eabi/lib/thumb/v7e-m+fp/hard\libc_nano.a(lib_a-memset.o)
 .debug_frame   0x0000000000003ef8       0x30 c:/st/stm32cubeide_1.4.0/stm32cubeide/plugins/com.st.stm32cube.ide.mcu.externaltools.gnu-tools-for-stm32.9-2020-q2-update.win32_1.5.0.202011040924/tools/bin/../lib/gcc/arm-none-eabi/9.3.1/../../../../arm-none-eabi/lib/thumb/v7e-m+fp/hard\libc_nano.a(lib_a-nano-mallocr.o)
 .debug_frame   0x0000000000003f28       0x2c c:/st/stm32cubeide_1.4.0/stm32cubeide/plugins/com.st.stm32cube.ide.mcu.externaltools.gnu-tools-for-stm32.9-2020-q2-update.win32_1.5.0.202011040924/tools/bin/../lib/gcc/arm-none-eabi/9.3.1/../../../../arm-none-eabi/lib/thumb/v7e-m+fp/hard\libc_nano.a(lib_a-sbrkr.o)
 .debug_frame   0x0000000000003f54       0x30 c:/st/stm32cubeide_1.4.0/stm32cubeide/plugins/com.st.stm32cube.ide.mcu.externaltools.gnu-tools-for-stm32.9-2020-q2-update.win32_1.5.0.202011040924/tools/bin/../lib/gcc/arm-none-eabi/9.3.1/../../../../arm-none-eabi/lib/thumb/v7e-m+fp/hard\libc_nano.a(lib_a-mlock.o)
 .debug_frame   0x0000000000003f84       0x5c c:/st/stm32cubeide_1.4.0/stm32cubeide/plugins/com.st.stm32cube.ide.mcu.externaltools.gnu-tools-for-stm32.9-2020-q2-update.win32_1.5.0.202011040924/tools/bin/../lib/gcc/arm-none-eabi/9.3.1/../../../../arm-none-eabi/lib/thumb/v7e-m+fp/hard\libc_nano.a(lib_a-reent.o)
 .debug_frame   0x0000000000003fe0       0xb0 c:/st/stm32cubeide_1.4.0/stm32cubeide/plugins/com.st.stm32cube.ide.mcu.externaltools.gnu-tools-for-stm32.9-2020-q2-update.win32_1.5.0.202011040924/tools/bin/../lib/gcc/arm-none-eabi/9.3.1/../../../../arm-none-eabi/lib/thumb/v7e-m+fp/hard\libc_nano.a(lib_a-lock.o)
